GNU Make 4.1
Built for x86_64-pc-linux-gnu
Copyright (C) 1988-2014 Free Software Foundation, Inc.
License GPLv3+: GNU GPL version 3 or later <http://gnu.org/licenses/gpl.html>
This is free software: you are free to change and redistribute it.
There is NO WARRANTY, to the extent permitted by law.
Reading makefiles...
Reading makefile 'Makefile'...
Reading makefile 'target.mk' (search path) (don't care) (no ~ expansion)...
Reading makefile 'makestuff/os.mk' (search path) (don't care) (no ~ expansion)...
make[4]: Entering directory '/home/dushoff/gitroot/linux_config'
Reading makefile 'makestuff/linux.mk' (search path) (no ~ expansion)...
Reading makefile 'makestuff/unix.mk' (search path) (don't care) (no ~ expansion)...
Reading makefile 'makestuff/git.mk' (search path) (don't care) (no ~ expansion)...
Reading makefile 'makestuff/visual.mk' (search path) (don't care) (no ~ expansion)...
Updating makefiles....
 Considering target file 'makestuff/visual.mk'.
  Looking for an implicit rule for 'makestuff/visual.mk'.
  No implicit rule found for 'makestuff/visual.mk'.
  Finished prerequisites of target file 'makestuff/visual.mk'.
 No need to remake target 'makestuff/visual.mk'.
 Considering target file 'makestuff/git.mk'.
  Looking for an implicit rule for 'makestuff/git.mk'.
  No implicit rule found for 'makestuff/git.mk'.
  Finished prerequisites of target file 'makestuff/git.mk'.
 No need to remake target 'makestuff/git.mk'.
 Considering target file 'makestuff/unix.mk'.
  Looking for an implicit rule for 'makestuff/unix.mk'.
  No implicit rule found for 'makestuff/unix.mk'.
  Finished prerequisites of target file 'makestuff/unix.mk'.
 No need to remake target 'makestuff/unix.mk'.
 Considering target file 'makestuff/linux.mk'.
  Looking for an implicit rule for 'makestuff/linux.mk'.
  No implicit rule found for 'makestuff/linux.mk'.
  Finished prerequisites of target file 'makestuff/linux.mk'.
 No need to remake target 'makestuff/linux.mk'.
 Considering target file 'makestuff/os.mk'.
  Looking for an implicit rule for 'makestuff/os.mk'.
  No implicit rule found for 'makestuff/os.mk'.
  Finished prerequisites of target file 'makestuff/os.mk'.
 No need to remake target 'makestuff/os.mk'.
 Considering target file 'target.mk'.
  Finished prerequisites of target file 'target.mk'.
 No need to remake target 'target.mk'.
 Considering target file 'Makefile'.
  Looking for an implicit rule for 'Makefile'.
  No implicit rule found for 'Makefile'.
   Considering target file 'makestuff/Makefile'.
    Finished prerequisites of target file 'makestuff/Makefile'.
   No need to remake target 'makestuff/Makefile'.
  Finished prerequisites of target file 'Makefile'.
  Prerequisite 'makestuff/Makefile' is older than target 'Makefile'.
 No recipe for 'Makefile' and no prerequisites actually changed.
 No need to remake target 'Makefile'.
Updating goal targets....
Considering target file 'all.time'.
  Considering target file 'bin.all'.
   File 'bin.all' does not exist.
   Looking for an implicit rule for 'bin.all'.
   Trying pattern rule with stem 'bin'.
   Found an implicit rule for 'bin.all'.
   Finished prerequisites of target file 'bin.all'.
  Must remake target 'bin.all'.
make bin && cd bin && make all.time
Putting child 0x55a03a874b50 (bin.all) PID 6593 on the chain.
Live child 0x55a03a874b50 (bin.all) PID 6593 
GNU Make 4.1
Built for x86_64-pc-linux-gnu
Copyright (C) 1988-2014 Free Software Foundation, Inc.
License GPLv3+: GNU GPL version 3 or later <http://gnu.org/licenses/gpl.html>
This is free software: you are free to change and redistribute it.
There is NO WARRANTY, to the extent permitted by law.
Reading makefiles...
Reading makefile 'Makefile'...
Reading makefile 'target.mk' (search path) (don't care) (no ~ expansion)...
Reading makefile 'makestuff/os.mk' (search path) (don't care) (no ~ expansion)...
make[5]: Entering directory '/home/dushoff/gitroot/linux_config'
Reading makefile 'makestuff/linux.mk' (search path) (no ~ expansion)...
Reading makefile 'makestuff/unix.mk' (search path) (don't care) (no ~ expansion)...
Reading makefile 'makestuff/git.mk' (search path) (don't care) (no ~ expansion)...
Reading makefile 'makestuff/visual.mk' (search path) (don't care) (no ~ expansion)...
Updating makefiles....
 Considering target file 'makestuff/visual.mk'.
  Looking for an implicit rule for 'makestuff/visual.mk'.
  No implicit rule found for 'makestuff/visual.mk'.
  Finished prerequisites of target file 'makestuff/visual.mk'.
 No need to remake target 'makestuff/visual.mk'.
 Considering target file 'makestuff/git.mk'.
  Looking for an implicit rule for 'makestuff/git.mk'.
  No implicit rule found for 'makestuff/git.mk'.
  Finished prerequisites of target file 'makestuff/git.mk'.
 No need to remake target 'makestuff/git.mk'.
 Considering target file 'makestuff/unix.mk'.
  Looking for an implicit rule for 'makestuff/unix.mk'.
  No implicit rule found for 'makestuff/unix.mk'.
  Finished prerequisites of target file 'makestuff/unix.mk'.
 No need to remake target 'makestuff/unix.mk'.
 Considering target file 'makestuff/linux.mk'.
  Looking for an implicit rule for 'makestuff/linux.mk'.
  No implicit rule found for 'makestuff/linux.mk'.
  Finished prerequisites of target file 'makestuff/linux.mk'.
 No need to remake target 'makestuff/linux.mk'.
 Considering target file 'makestuff/os.mk'.
  Looking for an implicit rule for 'makestuff/os.mk'.
  No implicit rule found for 'makestuff/os.mk'.
  Finished prerequisites of target file 'makestuff/os.mk'.
 No need to remake target 'makestuff/os.mk'.
 Considering target file 'target.mk'.
  Finished prerequisites of target file 'target.mk'.
 No need to remake target 'target.mk'.
 Considering target file 'Makefile'.
  Looking for an implicit rule for 'Makefile'.
  No implicit rule found for 'Makefile'.
   Considering target file 'makestuff/Makefile'.
    Finished prerequisites of target file 'makestuff/Makefile'.
   No need to remake target 'makestuff/Makefile'.
  Finished prerequisites of target file 'Makefile'.
  Prerequisite 'makestuff/Makefile' is older than target 'Makefile'.
 No recipe for 'Makefile' and no prerequisites actually changed.
 No need to remake target 'Makefile'.
Updating goal targets....
Considering target file 'bin'.
 Looking for an implicit rule for 'bin'.
 No implicit rule found for 'bin'.
 Finished prerequisites of target file 'bin'.
No need to remake target 'bin'.
make[5]: Nothing to be done for 'bin'.
make[5]: Leaving directory '/home/dushoff/gitroot/linux_config'
GNU Make 4.1
Built for x86_64-pc-linux-gnu
Copyright (C) 1988-2014 Free Software Foundation, Inc.
License GPLv3+: GNU GPL version 3 or later <http://gnu.org/licenses/gpl.html>
This is free software: you are free to change and redistribute it.
There is NO WARRANTY, to the extent permitted by law.
Reading makefiles...
Reading makefile 'Makefile'...
Reading makefile 'target.mk' (search path) (don't care) (no ~ expansion)...
Reading makefile 'makestuff/os.mk' (search path) (don't care) (no ~ expansion)...
make[5]: Entering directory '/home/dushoff/gitroot/linux_config/bin'
Reading makefile 'makestuff/linux.mk' (search path) (no ~ expansion)...
Reading makefile 'makestuff/unix.mk' (search path) (don't care) (no ~ expansion)...
Reading makefile 'makestuff/git.mk' (search path) (don't care) (no ~ expansion)...
Reading makefile 'makestuff/visual.mk' (search path) (don't care) (no ~ expansion)...
Updating makefiles....
 Considering target file 'makestuff/visual.mk'.
  Looking for an implicit rule for 'makestuff/visual.mk'.
  No implicit rule found for 'makestuff/visual.mk'.
  Finished prerequisites of target file 'makestuff/visual.mk'.
 No need to remake target 'makestuff/visual.mk'.
 Considering target file 'makestuff/git.mk'.
  Looking for an implicit rule for 'makestuff/git.mk'.
  No implicit rule found for 'makestuff/git.mk'.
  Finished prerequisites of target file 'makestuff/git.mk'.
 No need to remake target 'makestuff/git.mk'.
 Considering target file 'makestuff/unix.mk'.
  Looking for an implicit rule for 'makestuff/unix.mk'.
  No implicit rule found for 'makestuff/unix.mk'.
  Finished prerequisites of target file 'makestuff/unix.mk'.
 No need to remake target 'makestuff/unix.mk'.
 Considering target file 'makestuff/linux.mk'.
  Looking for an implicit rule for 'makestuff/linux.mk'.
  No implicit rule found for 'makestuff/linux.mk'.
  Finished prerequisites of target file 'makestuff/linux.mk'.
 No need to remake target 'makestuff/linux.mk'.
 Considering target file 'makestuff/os.mk'.
  Looking for an implicit rule for 'makestuff/os.mk'.
  No implicit rule found for 'makestuff/os.mk'.
  Finished prerequisites of target file 'makestuff/os.mk'.
 No need to remake target 'makestuff/os.mk'.
 Considering target file 'target.mk'.
  Finished prerequisites of target file 'target.mk'.
 No need to remake target 'target.mk'.
 Considering target file 'Makefile'.
   Considering target file 'makestuff/Makefile'.
    Finished prerequisites of target file 'makestuff/Makefile'.
   No need to remake target 'makestuff/Makefile'.
   Considering target file 'base16-gnome-terminal'.
    Finished prerequisites of target file 'base16-gnome-terminal'.
   No need to remake target 'base16-gnome-terminal'.
   Considering target file 'dropbox.py'.
    Finished prerequisites of target file 'dropbox.py'.
   No need to remake target 'dropbox.py'.
   Considering target file 'mailwin'.
    Finished prerequisites of target file 'mailwin'.
   No need to remake target 'mailwin'.
   Considering target file 'make2graph'.
    Finished prerequisites of target file 'make2graph'.
   No need to remake target 'make2graph'.
  Finished prerequisites of target file 'Makefile'.
  Prerequisite 'makestuff/Makefile' is older than target 'Makefile'.
  Prerequisite 'base16-gnome-terminal' is older than target 'Makefile'.
  Prerequisite 'dropbox.py' is older than target 'Makefile'.
  Prerequisite 'mailwin' is older than target 'Makefile'.
  Prerequisite 'make2graph' is older than target 'Makefile'.
 No need to remake target 'Makefile'.
Updating goal targets....
Considering target file 'all.time'.
 File 'all.time' does not exist.
  Considering target file 'makestuff.all'.
   File 'makestuff.all' does not exist.
    Considering target file 'makestuff'.
     Looking for an implicit rule for 'makestuff'.
     No implicit rule found for 'makestuff'.
     Finished prerequisites of target file 'makestuff'.
    No need to remake target 'makestuff'.
   Finished prerequisites of target file 'makestuff.all'.
  Must remake target 'makestuff.all'.
cd makestuff && make up.time
Putting child 0x5572cbf9cdb0 (makestuff.all) PID 6602 on the chain.
Live child 0x5572cbf9cdb0 (makestuff.all) PID 6602 
GNU Make 4.1
Built for x86_64-pc-linux-gnu
Copyright (C) 1988-2014 Free Software Foundation, Inc.
License GPLv3+: GNU GPL version 3 or later <http://gnu.org/licenses/gpl.html>
This is free software: you are free to change and redistribute it.
There is NO WARRANTY, to the extent permitted by law.
Reading makefiles...
Reading makefile 'Makefile'...
Reading makefile 'target.mk' (search path) (don't care) (no ~ expansion)...
Reading makefile 'os.mk' (search path) (don't care) (no ~ expansion)...
make[6]: Entering directory '/home/dushoff/gitroot/linux_config/makestuff'
Reading makefile 'linux.mk' (search path) (no ~ expansion)...
Reading makefile 'unix.mk' (search path) (don't care) (no ~ expansion)...
Reading makefile 'local.mk' (search path) (don't care) (no ~ expansion)...
Reading makefile 'git.mk' (search path) (no ~ expansion)...
Reading makefile 'pandoc.mk' (search path) (no ~ expansion)...
Reading makefile 'visual.mk' (search path) (no ~ expansion)...
Updating makefiles....
 Considering target file 'visual.mk'.
  Looking for an implicit rule for 'visual.mk'.
  No implicit rule found for 'visual.mk'.
  Finished prerequisites of target file 'visual.mk'.
 No need to remake target 'visual.mk'.
 Considering target file 'pandoc.mk'.
  Looking for an implicit rule for 'pandoc.mk'.
  No implicit rule found for 'pandoc.mk'.
  Finished prerequisites of target file 'pandoc.mk'.
 No need to remake target 'pandoc.mk'.
 Considering target file 'git.mk'.
  Looking for an implicit rule for 'git.mk'.
  No implicit rule found for 'git.mk'.
  Finished prerequisites of target file 'git.mk'.
 No need to remake target 'git.mk'.
 Considering target file 'local.mk'.
  File 'local.mk' does not exist.
  Looking for an implicit rule for 'local.mk'.
  No implicit rule found for 'local.mk'.
  Finished prerequisites of target file 'local.mk'.
 Must remake target 'local.mk'.
 Failed to remake target file 'local.mk'.
 Considering target file 'unix.mk'.
  Looking for an implicit rule for 'unix.mk'.
  No implicit rule found for 'unix.mk'.
  Finished prerequisites of target file 'unix.mk'.
 No need to remake target 'unix.mk'.
 Considering target file 'linux.mk'.
  Looking for an implicit rule for 'linux.mk'.
  No implicit rule found for 'linux.mk'.
  Finished prerequisites of target file 'linux.mk'.
 No need to remake target 'linux.mk'.
 Considering target file 'os.mk'.
  Looking for an implicit rule for 'os.mk'.
  No implicit rule found for 'os.mk'.
  Finished prerequisites of target file 'os.mk'.
 No need to remake target 'os.mk'.
 Considering target file 'target.mk'.
  Finished prerequisites of target file 'target.mk'.
 No need to remake target 'target.mk'.
 Considering target file 'Makefile'.
  Looking for an implicit rule for 'Makefile'.
  No implicit rule found for 'Makefile'.
  Finished prerequisites of target file 'Makefile'.
 No need to remake target 'Makefile'.
Updating goal targets....
Considering target file 'up.time'.
  Considering target file 'commit.time'.
    Considering target file 'start.md'.
     Looking for an implicit rule for 'start.md'.
     Trying pattern rule with stem 'start'.
     Trying implicit prerequisite 'start.rmd'.
     Trying pattern rule with stem 'start'.
     Trying implicit prerequisite 'start.tex'.
     Trying pattern rule with stem 'start'.
     Trying implicit prerequisite 'start.rmd'.
     Looking for a rule with intermediate file 'start.rmd'.
      Avoiding implicit rule recursion.
     Trying pattern rule with stem 'start'.
     Trying implicit prerequisite 'start.tex'.
     Looking for a rule with intermediate file 'start.tex'.
      Avoiding implicit rule recursion.
      Trying pattern rule with stem 'start'.
      Trying implicit prerequisite 'start.Rnw'.
      Trying pattern rule with stem 'start'.
      Trying implicit prerequisite 'start.Rnw'.
      Looking for a rule with intermediate file 'start.Rnw'.
       Avoiding implicit rule recursion.
       Avoiding implicit rule recursion.
     No implicit rule found for 'start.md'.
     Finished prerequisites of target file 'start.md'.
    No need to remake target 'start.md'.
    Considering target file 'README.md'.
     Finished prerequisites of target file 'README.md'.
    No need to remake target 'README.md'.
    Considering target file 'newtalk.md'.
     Looking for an implicit rule for 'newtalk.md'.
     Trying pattern rule with stem 'newtalk'.
     Trying implicit prerequisite 'newtalk.rmd'.
     Trying pattern rule with stem 'newtalk'.
     Trying implicit prerequisite 'newtalk.tex'.
     Trying pattern rule with stem 'newtalk'.
     Trying implicit prerequisite 'newtalk.rmd'.
     Looking for a rule with intermediate file 'newtalk.rmd'.
      Avoiding implicit rule recursion.
     Trying pattern rule with stem 'newtalk'.
     Trying implicit prerequisite 'newtalk.tex'.
     Looking for a rule with intermediate file 'newtalk.tex'.
      Avoiding implicit rule recursion.
      Trying pattern rule with stem 'newtalk'.
      Trying implicit prerequisite 'newtalk.Rnw'.
      Trying pattern rule with stem 'newtalk'.
      Trying implicit prerequisite 'newtalk.Rnw'.
      Looking for a rule with intermediate file 'newtalk.Rnw'.
       Avoiding implicit rule recursion.
       Avoiding implicit rule recursion.
     No implicit rule found for 'newtalk.md'.
     Finished prerequisites of target file 'newtalk.md'.
    No need to remake target 'newtalk.md'.
    Considering target file 'git.md'.
     Looking for an implicit rule for 'git.md'.
     Trying pattern rule with stem 'git'.
     Trying implicit prerequisite 'git.rmd'.
     Trying pattern rule with stem 'git'.
     Trying implicit prerequisite 'git.tex'.
     Trying pattern rule with stem 'git'.
     Trying implicit prerequisite 'git.rmd'.
     Looking for a rule with intermediate file 'git.rmd'.
      Avoiding implicit rule recursion.
     Trying pattern rule with stem 'git'.
     Trying implicit prerequisite 'git.tex'.
     Looking for a rule with intermediate file 'git.tex'.
      Avoiding implicit rule recursion.
      Trying pattern rule with stem 'git'.
      Trying implicit prerequisite 'git.Rnw'.
      Trying pattern rule with stem 'git'.
      Trying implicit prerequisite 'git.Rnw'.
      Looking for a rule with intermediate file 'git.Rnw'.
       Avoiding implicit rule recursion.
       Avoiding implicit rule recursion.
     No implicit rule found for 'git.md'.
     Finished prerequisites of target file 'git.md'.
    No need to remake target 'git.md'.
    Considering target file 'flextex.md'.
     Looking for an implicit rule for 'flextex.md'.
     Trying pattern rule with stem 'flextex'.
     Trying implicit prerequisite 'flextex.rmd'.
     Trying pattern rule with stem 'flextex'.
     Trying implicit prerequisite 'flextex.tex'.
     Trying pattern rule with stem 'flextex'.
     Trying implicit prerequisite 'flextex.rmd'.
     Looking for a rule with intermediate file 'flextex.rmd'.
      Avoiding implicit rule recursion.
     Trying pattern rule with stem 'flextex'.
     Trying implicit prerequisite 'flextex.tex'.
     Looking for a rule with intermediate file 'flextex.tex'.
      Avoiding implicit rule recursion.
      Trying pattern rule with stem 'flextex'.
      Trying implicit prerequisite 'flextex.Rnw'.
      Trying pattern rule with stem 'flextex'.
      Trying implicit prerequisite 'flextex.Rnw'.
      Looking for a rule with intermediate file 'flextex.Rnw'.
       Avoiding implicit rule recursion.
       Avoiding implicit rule recursion.
     No implicit rule found for 'flextex.md'.
     Finished prerequisites of target file 'flextex.md'.
    No need to remake target 'flextex.md'.
    Considering target file 'todo.md'.
     Looking for an implicit rule for 'todo.md'.
     Trying pattern rule with stem 'todo'.
     Trying implicit prerequisite 'todo.rmd'.
     Trying pattern rule with stem 'todo'.
     Trying implicit prerequisite 'todo.tex'.
     Trying pattern rule with stem 'todo'.
     Trying implicit prerequisite 'todo.rmd'.
     Looking for a rule with intermediate file 'todo.rmd'.
      Avoiding implicit rule recursion.
     Trying pattern rule with stem 'todo'.
     Trying implicit prerequisite 'todo.tex'.
     Looking for a rule with intermediate file 'todo.tex'.
      Avoiding implicit rule recursion.
      Trying pattern rule with stem 'todo'.
      Trying implicit prerequisite 'todo.Rnw'.
      Trying pattern rule with stem 'todo'.
      Trying implicit prerequisite 'todo.Rnw'.
      Looking for a rule with intermediate file 'todo.Rnw'.
       Avoiding implicit rule recursion.
       Avoiding implicit rule recursion.
     No implicit rule found for 'todo.md'.
     Finished prerequisites of target file 'todo.md'.
    No need to remake target 'todo.md'.
    Considering target file 'masterR.md'.
     Looking for an implicit rule for 'masterR.md'.
     Trying pattern rule with stem 'masterR'.
     Trying implicit prerequisite 'masterR.rmd'.
     Trying pattern rule with stem 'masterR'.
     Trying implicit prerequisite 'masterR.tex'.
     Trying pattern rule with stem 'masterR'.
     Trying implicit prerequisite 'masterR.rmd'.
     Looking for a rule with intermediate file 'masterR.rmd'.
      Avoiding implicit rule recursion.
     Trying pattern rule with stem 'masterR'.
     Trying implicit prerequisite 'masterR.tex'.
     Looking for a rule with intermediate file 'masterR.tex'.
      Avoiding implicit rule recursion.
      Trying pattern rule with stem 'masterR'.
      Trying implicit prerequisite 'masterR.Rnw'.
      Trying pattern rule with stem 'masterR'.
      Trying implicit prerequisite 'masterR.Rnw'.
      Looking for a rule with intermediate file 'masterR.Rnw'.
       Avoiding implicit rule recursion.
       Avoiding implicit rule recursion.
     No implicit rule found for 'masterR.md'.
     Finished prerequisites of target file 'masterR.md'.
    No need to remake target 'masterR.md'.
    Considering target file 'texdeps.md'.
     Looking for an implicit rule for 'texdeps.md'.
     Trying pattern rule with stem 'texdeps'.
     Trying implicit prerequisite 'texdeps.rmd'.
     Trying pattern rule with stem 'texdeps'.
     Trying implicit prerequisite 'texdeps.tex'.
     Trying pattern rule with stem 'texdeps'.
     Trying implicit prerequisite 'texdeps.rmd'.
     Looking for a rule with intermediate file 'texdeps.rmd'.
      Avoiding implicit rule recursion.
     Trying pattern rule with stem 'texdeps'.
     Trying implicit prerequisite 'texdeps.tex'.
     Looking for a rule with intermediate file 'texdeps.tex'.
      Avoiding implicit rule recursion.
      Trying pattern rule with stem 'texdeps'.
      Trying implicit prerequisite 'texdeps.Rnw'.
      Trying pattern rule with stem 'texdeps'.
      Trying implicit prerequisite 'texdeps.Rnw'.
      Looking for a rule with intermediate file 'texdeps.Rnw'.
       Avoiding implicit rule recursion.
       Avoiding implicit rule recursion.
     No implicit rule found for 'texdeps.md'.
     Finished prerequisites of target file 'texdeps.md'.
    No need to remake target 'texdeps.md'.
    Considering target file 'autorefs.md'.
     Looking for an implicit rule for 'autorefs.md'.
     Trying pattern rule with stem 'autorefs'.
     Trying implicit prerequisite 'autorefs.rmd'.
     Trying pattern rule with stem 'autorefs'.
     Trying implicit prerequisite 'autorefs.tex'.
     Trying pattern rule with stem 'autorefs'.
     Trying implicit prerequisite 'autorefs.rmd'.
     Looking for a rule with intermediate file 'autorefs.rmd'.
      Avoiding implicit rule recursion.
     Trying pattern rule with stem 'autorefs'.
     Trying implicit prerequisite 'autorefs.tex'.
     Looking for a rule with intermediate file 'autorefs.tex'.
      Avoiding implicit rule recursion.
      Trying pattern rule with stem 'autorefs'.
      Trying implicit prerequisite 'autorefs.Rnw'.
      Trying pattern rule with stem 'autorefs'.
      Trying implicit prerequisite 'autorefs.Rnw'.
      Looking for a rule with intermediate file 'autorefs.Rnw'.
       Avoiding implicit rule recursion.
       Avoiding implicit rule recursion.
     No implicit rule found for 'autorefs.md'.
     Finished prerequisites of target file 'autorefs.md'.
    No need to remake target 'autorefs.md'.
    Considering target file 'stepR.md'.
     Looking for an implicit rule for 'stepR.md'.
     Trying pattern rule with stem 'stepR'.
     Trying implicit prerequisite 'stepR.rmd'.
     Trying pattern rule with stem 'stepR'.
     Trying implicit prerequisite 'stepR.tex'.
     Trying pattern rule with stem 'stepR'.
     Trying implicit prerequisite 'stepR.rmd'.
     Looking for a rule with intermediate file 'stepR.rmd'.
      Avoiding implicit rule recursion.
     Trying pattern rule with stem 'stepR'.
     Trying implicit prerequisite 'stepR.tex'.
     Looking for a rule with intermediate file 'stepR.tex'.
      Avoiding implicit rule recursion.
      Trying pattern rule with stem 'stepR'.
      Trying implicit prerequisite 'stepR.Rnw'.
      Trying pattern rule with stem 'stepR'.
      Trying implicit prerequisite 'stepR.Rnw'.
      Looking for a rule with intermediate file 'stepR.Rnw'.
       Avoiding implicit rule recursion.
       Avoiding implicit rule recursion.
     No implicit rule found for 'stepR.md'.
     Finished prerequisites of target file 'stepR.md'.
    No need to remake target 'stepR.md'.
    Considering target file 'cache.md'.
     Looking for an implicit rule for 'cache.md'.
     Trying pattern rule with stem 'cache'.
     Trying implicit prerequisite 'cache.rmd'.
     Trying pattern rule with stem 'cache'.
     Trying implicit prerequisite 'cache.tex'.
     Trying pattern rule with stem 'cache'.
     Trying implicit prerequisite 'cache.rmd'.
     Looking for a rule with intermediate file 'cache.rmd'.
      Avoiding implicit rule recursion.
     Trying pattern rule with stem 'cache'.
     Trying implicit prerequisite 'cache.tex'.
     Looking for a rule with intermediate file 'cache.tex'.
      Avoiding implicit rule recursion.
      Trying pattern rule with stem 'cache'.
      Trying implicit prerequisite 'cache.Rnw'.
      Trying pattern rule with stem 'cache'.
      Trying implicit prerequisite 'cache.Rnw'.
      Looking for a rule with intermediate file 'cache.Rnw'.
       Avoiding implicit rule recursion.
       Avoiding implicit rule recursion.
     No implicit rule found for 'cache.md'.
     Finished prerequisites of target file 'cache.md'.
    No need to remake target 'cache.md'.
    Considering target file 'Makefile'.
    File 'Makefile' was considered already.
    Considering target file 'LICENSE'.
     Looking for an implicit rule for 'LICENSE'.
     No implicit rule found for 'LICENSE'.
     Finished prerequisites of target file 'LICENSE'.
    No need to remake target 'LICENSE'.
    Pruning file 'README.md'.
    Considering target file 'static.mk'.
     Looking for an implicit rule for 'static.mk'.
     No implicit rule found for 'static.mk'.
     Finished prerequisites of target file 'static.mk'.
    No need to remake target 'static.mk'.
    Considering target file 'sub.mk'.
     Looking for an implicit rule for 'sub.mk'.
     No implicit rule found for 'sub.mk'.
     Finished prerequisites of target file 'sub.mk'.
    No need to remake target 'sub.mk'.
    Pruning file 'todo.md'.
    Considering target file 'ignore.pl'.
     Looking for an implicit rule for 'ignore.pl'.
     No implicit rule found for 'ignore.pl'.
     Finished prerequisites of target file 'ignore.pl'.
    No need to remake target 'ignore.pl'.
    Considering target file 'ignore.auth'.
     Looking for an implicit rule for 'ignore.auth'.
     No implicit rule found for 'ignore.auth'.
     Finished prerequisites of target file 'ignore.auth'.
    No need to remake target 'ignore.auth'.
    Considering target file 'ignore.vim'.
     Looking for an implicit rule for 'ignore.vim'.
     No implicit rule found for 'ignore.vim'.
     Finished prerequisites of target file 'ignore.vim'.
    No need to remake target 'ignore.vim'.
    Considering target file 'os.mk'.
    File 'os.mk' was considered already.
    Considering target file 'unix.mk'.
    File 'unix.mk' was considered already.
    Considering target file 'linux.mk'.
    File 'linux.mk' was considered already.
    Considering target file 'windows.mk'.
     Looking for an implicit rule for 'windows.mk'.
     No implicit rule found for 'windows.mk'.
     Finished prerequisites of target file 'windows.mk'.
    No need to remake target 'windows.mk'.
    Considering target file 'up.mk'.
     Looking for an implicit rule for 'up.mk'.
     No implicit rule found for 'up.mk'.
     Finished prerequisites of target file 'up.mk'.
    No need to remake target 'up.mk'.
    Considering target file 'accounts.mk'.
     Looking for an implicit rule for 'accounts.mk'.
     No implicit rule found for 'accounts.mk'.
     Finished prerequisites of target file 'accounts.mk'.
    No need to remake target 'accounts.mk'.
    Considering target file 'accounts.pl'.
     Looking for an implicit rule for 'accounts.pl'.
     No implicit rule found for 'accounts.pl'.
     Finished prerequisites of target file 'accounts.pl'.
    No need to remake target 'accounts.pl'.
    Considering target file 'git.mk'.
    File 'git.mk' was considered already.
    Considering target file 'git.def'.
     Looking for an implicit rule for 'git.def'.
     No implicit rule found for 'git.def'.
     Finished prerequisites of target file 'git.def'.
    No need to remake target 'git.def'.
    Pruning file 'git.md'.
    Considering target file 'repos.def'.
     Looking for an implicit rule for 'repos.def'.
     No implicit rule found for 'repos.def'.
     Finished prerequisites of target file 'repos.def'.
    No need to remake target 'repos.def'.
    Considering target file 'repos.mk'.
     Looking for an implicit rule for 'repos.mk'.
     No implicit rule found for 'repos.mk'.
     Finished prerequisites of target file 'repos.mk'.
    No need to remake target 'repos.mk'.
    Considering target file 'init.mk'.
     Looking for an implicit rule for 'init.mk'.
     No implicit rule found for 'init.mk'.
     Finished prerequisites of target file 'init.mk'.
    No need to remake target 'init.mk'.
    Considering target file 'modules.mk'.
     Looking for an implicit rule for 'modules.mk'.
     No implicit rule found for 'modules.mk'.
     Finished prerequisites of target file 'modules.mk'.
    No need to remake target 'modules.mk'.
    Considering target file 'drops.mk'.
     Looking for an implicit rule for 'drops.mk'.
     No implicit rule found for 'drops.mk'.
     Finished prerequisites of target file 'drops.mk'.
    No need to remake target 'drops.mk'.
    Considering target file 'target.mk'.
    File 'target.mk' was considered already.
    Considering target file 'hybrid.mk'.
     Looking for an implicit rule for 'hybrid.mk'.
     No implicit rule found for 'hybrid.mk'.
     Finished prerequisites of target file 'hybrid.mk'.
    No need to remake target 'hybrid.mk'.
    Considering target file 'hotcold.mk'.
     Looking for an implicit rule for 'hotcold.mk'.
     No implicit rule found for 'hotcold.mk'.
     Finished prerequisites of target file 'hotcold.mk'.
    No need to remake target 'hotcold.mk'.
    Considering target file 'visual.mk'.
    File 'visual.mk' was considered already.
    Considering target file 'compare.mk'.
     Looking for an implicit rule for 'compare.mk'.
     No implicit rule found for 'compare.mk'.
     Finished prerequisites of target file 'compare.mk'.
    No need to remake target 'compare.mk'.
    Considering target file 'stepR.mk'.
     Looking for an implicit rule for 'stepR.mk'.
     No implicit rule found for 'stepR.mk'.
     Finished prerequisites of target file 'stepR.mk'.
    No need to remake target 'stepR.mk'.
    Pruning file 'stepR.md'.
    Considering target file 'rstep.pl'.
     Looking for an implicit rule for 'rstep.pl'.
     No implicit rule found for 'rstep.pl'.
     Finished prerequisites of target file 'rstep.pl'.
    No need to remake target 'rstep.pl'.
    Considering target file 'resources.mk'.
     Looking for an implicit rule for 'resources.mk'.
     No implicit rule found for 'resources.mk'.
     Finished prerequisites of target file 'resources.mk'.
    No need to remake target 'resources.mk'.
    Considering target file 'perl.def'.
     Looking for an implicit rule for 'perl.def'.
     No implicit rule found for 'perl.def'.
     Finished prerequisites of target file 'perl.def'.
    No need to remake target 'perl.def'.
    Considering target file 'python.def'.
     Looking for an implicit rule for 'python.def'.
     No implicit rule found for 'python.def'.
     Finished prerequisites of target file 'python.def'.
    No need to remake target 'python.def'.
    Considering target file 'newlatex.mk'.
     Looking for an implicit rule for 'newlatex.mk'.
     No implicit rule found for 'newlatex.mk'.
     Finished prerequisites of target file 'newlatex.mk'.
    No need to remake target 'newlatex.mk'.
    Considering target file 'latexdeps.pl'.
     Looking for an implicit rule for 'latexdeps.pl'.
     No implicit rule found for 'latexdeps.pl'.
     Finished prerequisites of target file 'latexdeps.pl'.
    No need to remake target 'latexdeps.pl'.
    Considering target file 'images.mk'.
     Looking for an implicit rule for 'images.mk'.
     No implicit rule found for 'images.mk'.
     Finished prerequisites of target file 'images.mk'.
    No need to remake target 'images.mk'.
    Pruning file 'newlatex.mk'.
    Pruning file 'latexdeps.pl'.
    Considering target file 'biber.def'.
     Looking for an implicit rule for 'biber.def'.
     No implicit rule found for 'biber.def'.
     Finished prerequisites of target file 'biber.def'.
    No need to remake target 'biber.def'.
    Considering target file 'bibtex.def'.
     Looking for an implicit rule for 'bibtex.def'.
     No implicit rule found for 'bibtex.def'.
     Finished prerequisites of target file 'bibtex.def'.
    No need to remake target 'bibtex.def'.
    Considering target file 'flextex.mk'.
     Looking for an implicit rule for 'flextex.mk'.
     No implicit rule found for 'flextex.mk'.
     Finished prerequisites of target file 'flextex.mk'.
    No need to remake target 'flextex.mk'.
    Considering target file 'flextex.pl'.
     Looking for an implicit rule for 'flextex.pl'.
     No implicit rule found for 'flextex.pl'.
     Finished prerequisites of target file 'flextex.pl'.
    No need to remake target 'flextex.pl'.
    Considering target file 'deps.mk'.
     Looking for an implicit rule for 'deps.mk'.
     No implicit rule found for 'deps.mk'.
     Finished prerequisites of target file 'deps.mk'.
    No need to remake target 'deps.mk'.
    Pruning file 'flextex.md'.
    Considering target file 'hybrid/nogit.mk'.
     Looking for an implicit rule for 'hybrid/nogit.mk'.
     No implicit rule found for 'hybrid/nogit.mk'.
     Finished prerequisites of target file 'hybrid/nogit.mk'.
    No need to remake target 'hybrid/nogit.mk'.
    Considering target file 'hybrid/drop.mk'.
     Looking for an implicit rule for 'hybrid/drop.mk'.
     No implicit rule found for 'hybrid/drop.mk'.
     Finished prerequisites of target file 'hybrid/drop.mk'.
    No need to remake target 'hybrid/drop.mk'.
    Considering target file 'hybrid/subdir.mk'.
     Looking for an implicit rule for 'hybrid/subdir.mk'.
     No implicit rule found for 'hybrid/subdir.mk'.
     Finished prerequisites of target file 'hybrid/subdir.mk'.
    No need to remake target 'hybrid/subdir.mk'.
    Considering target file 'hybrid/upstuff.mk'.
     Looking for an implicit rule for 'hybrid/upstuff.mk'.
     No implicit rule found for 'hybrid/upstuff.mk'.
     Finished prerequisites of target file 'hybrid/upstuff.mk'.
    No need to remake target 'hybrid/upstuff.mk'.
    Considering target file 'hybrid/clonestuff.mk'.
     Looking for an implicit rule for 'hybrid/clonestuff.mk'.
     No implicit rule found for 'hybrid/clonestuff.mk'.
     Finished prerequisites of target file 'hybrid/clonestuff.mk'.
    No need to remake target 'hybrid/clonestuff.mk'.
    Considering target file 'hybrid/makestuff.mk'.
     Looking for an implicit rule for 'hybrid/makestuff.mk'.
     No implicit rule found for 'hybrid/makestuff.mk'.
     Finished prerequisites of target file 'hybrid/makestuff.mk'.
    No need to remake target 'hybrid/makestuff.mk'.
    Considering target file 'hybrid/work.mk'.
     Looking for an implicit rule for 'hybrid/work.mk'.
     No implicit rule found for 'hybrid/work.mk'.
     Finished prerequisites of target file 'hybrid/work.mk'.
    No need to remake target 'hybrid/work.mk'.
    Considering target file 'hybrid/substuff.mk'.
     Looking for an implicit rule for 'hybrid/substuff.mk'.
     No implicit rule found for 'hybrid/substuff.mk'.
     Finished prerequisites of target file 'hybrid/substuff.mk'.
    No need to remake target 'hybrid/substuff.mk'.
    Considering target file 'hybrid/overleaf.mk'.
     Looking for an implicit rule for 'hybrid/overleaf.mk'.
     No implicit rule found for 'hybrid/overleaf.mk'.
     Finished prerequisites of target file 'hybrid/overleaf.mk'.
    No need to remake target 'hybrid/overleaf.mk'.
    Considering target file 'latexdiff.pl'.
     Looking for an implicit rule for 'latexdiff.pl'.
     No implicit rule found for 'latexdiff.pl'.
     Finished prerequisites of target file 'latexdiff.pl'.
    No need to remake target 'latexdiff.pl'.
    Considering target file 'texdeps.mk'.
     Looking for an implicit rule for 'texdeps.mk'.
     No implicit rule found for 'texdeps.mk'.
     Finished prerequisites of target file 'texdeps.mk'.
    No need to remake target 'texdeps.mk'.
    Considering target file 'texdeps.pl'.
     Looking for an implicit rule for 'texdeps.pl'.
     No implicit rule found for 'texdeps.pl'.
     Finished prerequisites of target file 'texdeps.pl'.
    No need to remake target 'texdeps.pl'.
    Pruning file 'texdeps.md'.
    Considering target file 'simptex.mk'.
     Looking for an implicit rule for 'simptex.mk'.
     No implicit rule found for 'simptex.mk'.
     Finished prerequisites of target file 'simptex.mk'.
    No need to remake target 'simptex.mk'.
    Considering target file 'linkdirs.mk'.
     Looking for an implicit rule for 'linkdirs.mk'.
     No implicit rule found for 'linkdirs.mk'.
     Finished prerequisites of target file 'linkdirs.mk'.
    No need to remake target 'linkdirs.mk'.
    Considering target file 'newtalk.def'.
     Looking for an implicit rule for 'newtalk.def'.
     No implicit rule found for 'newtalk.def'.
     Finished prerequisites of target file 'newtalk.def'.
    No need to remake target 'newtalk.def'.
    Considering target file 'newtalk.mk'.
     Looking for an implicit rule for 'newtalk.mk'.
     No implicit rule found for 'newtalk.mk'.
     Finished prerequisites of target file 'newtalk.mk'.
    No need to remake target 'newtalk.mk'.
    Pruning file 'newtalk.md'.
    Considering target file 'newtalk/ici3d.tmp'.
     Looking for an implicit rule for 'newtalk/ici3d.tmp'.
     No implicit rule found for 'newtalk/ici3d.tmp'.
     Finished prerequisites of target file 'newtalk/ici3d.tmp'.
    No need to remake target 'newtalk/ici3d.tmp'.
    Considering target file 'newtalk/beamer.tmp'.
     Looking for an implicit rule for 'newtalk/beamer.tmp'.
     No implicit rule found for 'newtalk/beamer.tmp'.
     Finished prerequisites of target file 'newtalk/beamer.tmp'.
    No need to remake target 'newtalk/beamer.tmp'.
    Considering target file 'newtalk/commands.sty'.
     Looking for an implicit rule for 'newtalk/commands.sty'.
     No implicit rule found for 'newtalk/commands.sty'.
     Finished prerequisites of target file 'newtalk/commands.sty'.
    No need to remake target 'newtalk/commands.sty'.
    Considering target file 'newtalk/lect.pl'.
     Looking for an implicit rule for 'newtalk/lect.pl'.
     No implicit rule found for 'newtalk/lect.pl'.
     Finished prerequisites of target file 'newtalk/lect.pl'.
    No need to remake target 'newtalk/lect.pl'.
    Considering target file 'newtalk/fmt.pl'.
     Looking for an implicit rule for 'newtalk/fmt.pl'.
     No implicit rule found for 'newtalk/fmt.pl'.
     Finished prerequisites of target file 'newtalk/fmt.pl'.
    No need to remake target 'newtalk/fmt.pl'.
    Considering target file 'newtalk/notes.tmp'.
     Looking for an implicit rule for 'newtalk/notes.tmp'.
     No implicit rule found for 'newtalk/notes.tmp'.
     Finished prerequisites of target file 'newtalk/notes.tmp'.
    No need to remake target 'newtalk/notes.tmp'.
    Considering target file 'newtalk/slidecomm.sty'.
     Looking for an implicit rule for 'newtalk/slidecomm.sty'.
     No implicit rule found for 'newtalk/slidecomm.sty'.
     Finished prerequisites of target file 'newtalk/slidecomm.sty'.
    No need to remake target 'newtalk/slidecomm.sty'.
    Considering target file 'newtalk/bulletspace.tex'.
     Looking for an implicit rule for 'newtalk/bulletspace.tex'.
     Trying pattern rule with stem 'bulletspace'.
     Trying implicit prerequisite 'newtalk/bulletspace.Rnw'.
     Trying pattern rule with stem 'bulletspace'.
     Trying implicit prerequisite 'newtalk/bulletspace.Rnw'.
     Looking for a rule with intermediate file 'newtalk/bulletspace.Rnw'.
      Avoiding implicit rule recursion.
     No implicit rule found for 'newtalk/bulletspace.tex'.
     Finished prerequisites of target file 'newtalk/bulletspace.tex'.
    No need to remake target 'newtalk/bulletspace.tex'.
    Considering target file 'newtalk/outline.tmp'.
     Looking for an implicit rule for 'newtalk/outline.tmp'.
     No implicit rule found for 'newtalk/outline.tmp'.
     Finished prerequisites of target file 'newtalk/outline.tmp'.
    No need to remake target 'newtalk/outline.tmp'.
    Considering target file 'newtalk/colors.tex'.
     Looking for an implicit rule for 'newtalk/colors.tex'.
     Trying pattern rule with stem 'colors'.
     Trying implicit prerequisite 'newtalk/colors.Rnw'.
     Trying pattern rule with stem 'colors'.
     Trying implicit prerequisite 'newtalk/colors.Rnw'.
     Looking for a rule with intermediate file 'newtalk/colors.Rnw'.
      Avoiding implicit rule recursion.
     No implicit rule found for 'newtalk/colors.tex'.
     Finished prerequisites of target file 'newtalk/colors.tex'.
    No need to remake target 'newtalk/colors.tex'.
    Considering target file 'newtalk/txt.format'.
     Looking for an implicit rule for 'newtalk/txt.format'.
     No implicit rule found for 'newtalk/txt.format'.
     Finished prerequisites of target file 'newtalk/txt.format'.
    No need to remake target 'newtalk/txt.format'.
    Considering target file 'newtalk/section.tex'.
     Looking for an implicit rule for 'newtalk/section.tex'.
     Trying pattern rule with stem 'section'.
     Trying implicit prerequisite 'newtalk/section.Rnw'.
     Trying pattern rule with stem 'section'.
     Trying implicit prerequisite 'newtalk/section.Rnw'.
     Looking for a rule with intermediate file 'newtalk/section.Rnw'.
      Avoiding implicit rule recursion.
     No implicit rule found for 'newtalk/section.tex'.
     Finished prerequisites of target file 'newtalk/section.tex'.
    No need to remake target 'newtalk/section.tex'.
    Considering target file 'newtalk/JD_lecture_format.pl'.
     Looking for an implicit rule for 'newtalk/JD_lecture_format.pl'.
     No implicit rule found for 'newtalk/JD_lecture_format.pl'.
     Finished prerequisites of target file 'newtalk/JD_lecture_format.pl'.
    No need to remake target 'newtalk/JD_lecture_format.pl'.
    Considering target file 'newtalk/lengths.tex'.
     Looking for an implicit rule for 'newtalk/lengths.tex'.
     Trying pattern rule with stem 'lengths'.
     Trying implicit prerequisite 'newtalk/lengths.Rnw'.
     Trying pattern rule with stem 'lengths'.
     Trying implicit prerequisite 'newtalk/lengths.Rnw'.
     Looking for a rule with intermediate file 'newtalk/lengths.Rnw'.
      Avoiding implicit rule recursion.
     No implicit rule found for 'newtalk/lengths.tex'.
     Finished prerequisites of target file 'newtalk/lengths.tex'.
    No need to remake target 'newtalk/lengths.tex'.
    Considering target file 'lect.mk'.
     Looking for an implicit rule for 'lect.mk'.
     No implicit rule found for 'lect.mk'.
     Finished prerequisites of target file 'lect.mk'.
    No need to remake target 'lect.mk'.
    Considering target file 'lect/test.format'.
     Looking for an implicit rule for 'lect/test.format'.
     No implicit rule found for 'lect/test.format'.
     Finished prerequisites of target file 'lect/test.format'.
    No need to remake target 'lect/test.format'.
    Considering target file 'lect/fmt.pl'.
     Looking for an implicit rule for 'lect/fmt.pl'.
     No implicit rule found for 'lect/fmt.pl'.
     Finished prerequisites of target file 'lect/fmt.pl'.
    No need to remake target 'lect/fmt.pl'.
    Considering target file 'lect/course.fmt'.
     Looking for an implicit rule for 'lect/course.fmt'.
     No implicit rule found for 'lect/course.fmt'.
     Finished prerequisites of target file 'lect/course.fmt'.
    No need to remake target 'lect/course.fmt'.
    Considering target file 'lect/course.tmp'.
     Looking for an implicit rule for 'lect/course.tmp'.
     No implicit rule found for 'lect/course.tmp'.
     Finished prerequisites of target file 'lect/course.tmp'.
    No need to remake target 'lect/course.tmp'.
    Considering target file 'lect/README.md'.
     Looking for an implicit rule for 'lect/README.md'.
     Trying pattern rule with stem 'README'.
     Trying implicit prerequisite 'lect/README.rmd'.
     Trying pattern rule with stem 'README'.
     Trying implicit prerequisite 'lect/README.tex'.
     Trying pattern rule with stem 'README'.
     Trying implicit prerequisite 'lect/README.rmd'.
     Looking for a rule with intermediate file 'lect/README.rmd'.
      Avoiding implicit rule recursion.
     Trying pattern rule with stem 'README'.
     Trying implicit prerequisite 'lect/README.tex'.
     Looking for a rule with intermediate file 'lect/README.tex'.
      Avoiding implicit rule recursion.
      Trying pattern rule with stem 'README'.
      Trying implicit prerequisite 'lect/README.Rnw'.
      Trying pattern rule with stem 'README'.
      Trying implicit prerequisite 'lect/README.Rnw'.
      Looking for a rule with intermediate file 'lect/README.Rnw'.
       Avoiding implicit rule recursion.
       Avoiding implicit rule recursion.
     No implicit rule found for 'lect/README.md'.
     Finished prerequisites of target file 'lect/README.md'.
    No need to remake target 'lect/README.md'.
    Considering target file 'lect/knit.fmt'.
     Looking for an implicit rule for 'lect/knit.fmt'.
     No implicit rule found for 'lect/knit.fmt'.
     Finished prerequisites of target file 'lect/knit.fmt'.
    No need to remake target 'lect/knit.fmt'.
    Considering target file 'lect/select.format'.
     Looking for an implicit rule for 'lect/select.format'.
     No implicit rule found for 'lect/select.format'.
     Finished prerequisites of target file 'lect/select.format'.
    No need to remake target 'lect/select.format'.
    Considering target file 'lect/pop.tex'.
     Looking for an implicit rule for 'lect/pop.tex'.
     Trying pattern rule with stem 'pop'.
     Trying implicit prerequisite 'lect/pop.Rnw'.
     Trying pattern rule with stem 'pop'.
     Trying implicit prerequisite 'lect/pop.Rnw'.
     Looking for a rule with intermediate file 'lect/pop.Rnw'.
      Avoiding implicit rule recursion.
     No implicit rule found for 'lect/pop.tex'.
     Finished prerequisites of target file 'lect/pop.tex'.
    No need to remake target 'lect/pop.tex'.
    Considering target file 'lect/outline.fmt'.
     Looking for an implicit rule for 'lect/outline.fmt'.
     No implicit rule found for 'lect/outline.fmt'.
     Finished prerequisites of target file 'lect/outline.fmt'.
    No need to remake target 'lect/outline.fmt'.
    Considering target file 'lect/lect.format'.
     Looking for an implicit rule for 'lect/lect.format'.
     No implicit rule found for 'lect/lect.format'.
     Finished prerequisites of target file 'lect/lect.format'.
    No need to remake target 'lect/lect.format'.
    Considering target file 'lect/dfpar.tex'.
     Looking for an implicit rule for 'lect/dfpar.tex'.
     Trying pattern rule with stem 'dfpar'.
     Trying implicit prerequisite 'lect/dfpar.Rnw'.
     Trying pattern rule with stem 'dfpar'.
     Trying implicit prerequisite 'lect/dfpar.Rnw'.
     Looking for a rule with intermediate file 'lect/dfpar.Rnw'.
      Avoiding implicit rule recursion.
     No implicit rule found for 'lect/dfpar.tex'.
     Finished prerequisites of target file 'lect/dfpar.tex'.
    No need to remake target 'lect/dfpar.tex'.
    Considering target file 'lect/ques.format'.
     Looking for an implicit rule for 'lect/ques.format'.
     No implicit rule found for 'lect/ques.format'.
     Finished prerequisites of target file 'lect/ques.format'.
    No need to remake target 'lect/ques.format'.
    Considering target file 'pandoc.mk'.
    File 'pandoc.mk' was considered already.
    Pruning file 'compare.mk'.
    Considering target file 'render.mk'.
     Looking for an implicit rule for 'render.mk'.
     No implicit rule found for 'render.mk'.
     Finished prerequisites of target file 'render.mk'.
    No need to remake target 'render.mk'.
    Considering target file 'webpix.mk'.
     Looking for an implicit rule for 'webpix.mk'.
     No implicit rule found for 'webpix.mk'.
     Finished prerequisites of target file 'webpix.mk'.
    No need to remake target 'webpix.mk'.
    Considering target file 'webtrans.mk'.
     Looking for an implicit rule for 'webtrans.mk'.
     No implicit rule found for 'webtrans.mk'.
     Finished prerequisites of target file 'webtrans.mk'.
    No need to remake target 'webtrans.mk'.
    Considering target file 'webhtml.pl'.
     Looking for an implicit rule for 'webhtml.pl'.
     No implicit rule found for 'webhtml.pl'.
     Finished prerequisites of target file 'webhtml.pl'.
    No need to remake target 'webhtml.pl'.
    Considering target file 'webmk.pl'.
     Looking for an implicit rule for 'webmk.pl'.
     No implicit rule found for 'webmk.pl'.
     Finished prerequisites of target file 'webmk.pl'.
    No need to remake target 'webmk.pl'.
    Considering target file 'cache.mk'.
     Looking for an implicit rule for 'cache.mk'.
     No implicit rule found for 'cache.mk'.
     Finished prerequisites of target file 'cache.mk'.
    No need to remake target 'cache.mk'.
    Pruning file 'cache.md'.
    Considering target file 'wrapR.mk'.
     Looking for an implicit rule for 'wrapR.mk'.
     No implicit rule found for 'wrapR.mk'.
     Finished prerequisites of target file 'wrapR.mk'.
    No need to remake target 'wrapR.mk'.
    Considering target file 'wrapR/objects.R'.
     Looking for an implicit rule for 'wrapR/objects.R'.
     No implicit rule found for 'wrapR/objects.R'.
     Finished prerequisites of target file 'wrapR/objects.R'.
    No need to remake target 'wrapR/objects.R'.
    Considering target file 'wrapR/summary.R'.
     Looking for an implicit rule for 'wrapR/summary.R'.
     No implicit rule found for 'wrapR/summary.R'.
     Finished prerequisites of target file 'wrapR/summary.R'.
    No need to remake target 'wrapR/summary.R'.
    Considering target file 'wrapR/pdfcheck.pl'.
     Looking for an implicit rule for 'wrapR/pdfcheck.pl'.
     No implicit rule found for 'wrapR/pdfcheck.pl'.
     Finished prerequisites of target file 'wrapR/pdfcheck.pl'.
    No need to remake target 'wrapR/pdfcheck.pl'.
    Considering target file 'wrapR/Rcalc.pl'.
     Looking for an implicit rule for 'wrapR/Rcalc.pl'.
     No implicit rule found for 'wrapR/Rcalc.pl'.
     Finished prerequisites of target file 'wrapR/Rcalc.pl'.
    No need to remake target 'wrapR/Rcalc.pl'.
    Considering target file 'wrapR/wrapper.pl'.
     Looking for an implicit rule for 'wrapR/wrapper.pl'.
     No implicit rule found for 'wrapR/wrapper.pl'.
     Finished prerequisites of target file 'wrapR/wrapper.pl'.
    No need to remake target 'wrapR/wrapper.pl'.
    Considering target file 'wrapR/Rtrim.pl'.
     Looking for an implicit rule for 'wrapR/Rtrim.pl'.
     No implicit rule found for 'wrapR/Rtrim.pl'.
     Finished prerequisites of target file 'wrapR/Rtrim.pl'.
    No need to remake target 'wrapR/Rtrim.pl'.
    Considering target file 'wrapR/pdf.mk'.
     Looking for an implicit rule for 'wrapR/pdf.mk'.
     No implicit rule found for 'wrapR/pdf.mk'.
     Finished prerequisites of target file 'wrapR/pdf.mk'.
    No need to remake target 'wrapR/pdf.mk'.
    Considering target file 'forms.def'.
     Looking for an implicit rule for 'forms.def'.
     No implicit rule found for 'forms.def'.
     Finished prerequisites of target file 'forms.def'.
    No need to remake target 'forms.def'.
    Considering target file 'forms.mk'.
     Looking for an implicit rule for 'forms.mk'.
     No implicit rule found for 'forms.mk'.
     Finished prerequisites of target file 'forms.mk'.
    No need to remake target 'forms.mk'.
    Considering target file 'wrapR/up.mk'.
     Looking for an implicit rule for 'wrapR/up.mk'.
     No implicit rule found for 'wrapR/up.mk'.
     Finished prerequisites of target file 'wrapR/up.mk'.
    No need to remake target 'wrapR/up.mk'.
    Considering target file 'masterR.mk'.
     Looking for an implicit rule for 'masterR.mk'.
     No implicit rule found for 'masterR.mk'.
     Finished prerequisites of target file 'masterR.mk'.
    No need to remake target 'masterR.mk'.
    Considering target file 'masterR.pl'.
     Looking for an implicit rule for 'masterR.pl'.
     No implicit rule found for 'masterR.pl'.
     Finished prerequisites of target file 'masterR.pl'.
    No need to remake target 'masterR.pl'.
    Considering target file 'masterRfiles.pl'.
     Looking for an implicit rule for 'masterRfiles.pl'.
     No implicit rule found for 'masterRfiles.pl'.
     Finished prerequisites of target file 'masterRfiles.pl'.
    No need to remake target 'masterRfiles.pl'.
    Pruning file 'masterR.md'.
    Considering target file 'autorefs.mk'.
     Looking for an implicit rule for 'autorefs.mk'.
     No implicit rule found for 'autorefs.mk'.
     Finished prerequisites of target file 'autorefs.mk'.
    No need to remake target 'autorefs.mk'.
    Considering target file 'autorefs/ir.pl'.
     Looking for an implicit rule for 'autorefs/ir.pl'.
     No implicit rule found for 'autorefs/ir.pl'.
     Finished prerequisites of target file 'autorefs/ir.pl'.
    No need to remake target 'autorefs/ir.pl'.
    Considering target file 'autorefs/point.pl'.
     Looking for an implicit rule for 'autorefs/point.pl'.
     No implicit rule found for 'autorefs/point.pl'.
     Finished prerequisites of target file 'autorefs/point.pl'.
    No need to remake target 'autorefs/point.pl'.
    Considering target file 'autorefs/pm.pl'.
     Looking for an implicit rule for 'autorefs/pm.pl'.
     No implicit rule found for 'autorefs/pm.pl'.
     Finished prerequisites of target file 'autorefs/pm.pl'.
    No need to remake target 'autorefs/pm.pl'.
    Considering target file 'autorefs/mbib.pl'.
     Looking for an implicit rule for 'autorefs/mbib.pl'.
     No implicit rule found for 'autorefs/mbib.pl'.
     Finished prerequisites of target file 'autorefs/mbib.pl'.
    No need to remake target 'autorefs/mbib.pl'.
    Considering target file 'autorefs/mdmk.pl'.
     Looking for an implicit rule for 'autorefs/mdmk.pl'.
     No implicit rule found for 'autorefs/mdmk.pl'.
     Finished prerequisites of target file 'autorefs/mdmk.pl'.
    No need to remake target 'autorefs/mdmk.pl'.
    Considering target file 'autorefs/mdrec.pl'.
     Looking for an implicit rule for 'autorefs/mdrec.pl'.
     No implicit rule found for 'autorefs/mdrec.pl'.
     Finished prerequisites of target file 'autorefs/mdrec.pl'.
    No need to remake target 'autorefs/mdrec.pl'.
    Considering target file 'autorefs/md.pl'.
     Looking for an implicit rule for 'autorefs/md.pl'.
     No implicit rule found for 'autorefs/md.pl'.
     Finished prerequisites of target file 'autorefs/md.pl'.
    No need to remake target 'autorefs/md.pl'.
    Considering target file 'autorefs/mref.pl'.
     Looking for an implicit rule for 'autorefs/mref.pl'.
     No implicit rule found for 'autorefs/mref.pl'.
     Finished prerequisites of target file 'autorefs/mref.pl'.
    No need to remake target 'autorefs/mref.pl'.
    Considering target file 'autorefs/bibmk.pl'.
     Looking for an implicit rule for 'autorefs/bibmk.pl'.
     No implicit rule found for 'autorefs/bibmk.pl'.
     Finished prerequisites of target file 'autorefs/bibmk.pl'.
    No need to remake target 'autorefs/bibmk.pl'.
    Considering target file 'autorefs/int.pl'.
     Looking for an implicit rule for 'autorefs/int.pl'.
     No implicit rule found for 'autorefs/int.pl'.
     Finished prerequisites of target file 'autorefs/int.pl'.
    No need to remake target 'autorefs/int.pl'.
    Considering target file 'autorefs/refmk.pl'.
     Looking for an implicit rule for 'autorefs/refmk.pl'.
     No implicit rule found for 'autorefs/refmk.pl'.
     Finished prerequisites of target file 'autorefs/refmk.pl'.
    No need to remake target 'autorefs/refmk.pl'.
    Considering target file 'autorefs/mkmk.pl'.
     Looking for an implicit rule for 'autorefs/mkmk.pl'.
     No implicit rule found for 'autorefs/mkmk.pl'.
     Finished prerequisites of target file 'autorefs/mkmk.pl'.
    No need to remake target 'autorefs/mkmk.pl'.
    Considering target file 'autorefs/mm.pl'.
     Looking for an implicit rule for 'autorefs/mm.pl'.
     No implicit rule found for 'autorefs/mm.pl'.
     Finished prerequisites of target file 'autorefs/mm.pl'.
    No need to remake target 'autorefs/mm.pl'.
    Considering target file 'autorefs/nodoi.pl'.
     Looking for an implicit rule for 'autorefs/nodoi.pl'.
     No implicit rule found for 'autorefs/nodoi.pl'.
     Finished prerequisites of target file 'autorefs/nodoi.pl'.
    No need to remake target 'autorefs/nodoi.pl'.
    Considering target file 'autorefs/Makefile'.
     Looking for an implicit rule for 'autorefs/Makefile'.
     No implicit rule found for 'autorefs/Makefile'.
     Finished prerequisites of target file 'autorefs/Makefile'.
    No need to remake target 'autorefs/Makefile'.
    Pruning file 'autorefs.md'.
    Considering target file 'missing.pdf'.
     Finished prerequisites of target file 'missing.pdf'.
    No need to remake target 'missing.pdf'.
    Considering target file 'personal.pdf'.
     Finished prerequisites of target file 'personal.pdf'.
    No need to remake target 'personal.pdf'.
    Considering target file 'repos/dushoff_repos.mk'.
     Looking for an implicit rule for 'repos/dushoff_repos.mk'.
     No implicit rule found for 'repos/dushoff_repos.mk'.
     Finished prerequisites of target file 'repos/dushoff_repos.mk'.
    No need to remake target 'repos/dushoff_repos.mk'.
    Considering target file 'repos/friends.mk'.
     Looking for an implicit rule for 'repos/friends.mk'.
     No implicit rule found for 'repos/friends.mk'.
     Finished prerequisites of target file 'repos/friends.mk'.
    No need to remake target 'repos/friends.mk'.
    Considering target file 'repos/sites.mk'.
     Looking for an implicit rule for 'repos/sites.mk'.
     No implicit rule found for 'repos/sites.mk'.
     Finished prerequisites of target file 'repos/sites.mk'.
    No need to remake target 'repos/sites.mk'.
    Considering target file 'repos/dushoff_repos.def'.
     Looking for an implicit rule for 'repos/dushoff_repos.def'.
     No implicit rule found for 'repos/dushoff_repos.def'.
     Finished prerequisites of target file 'repos/dushoff_repos.def'.
    No need to remake target 'repos/dushoff_repos.def'.
    Considering target file 'repos/friends.def'.
     Looking for an implicit rule for 'repos/friends.def'.
     No implicit rule found for 'repos/friends.def'.
     Finished prerequisites of target file 'repos/friends.def'.
    No need to remake target 'repos/friends.def'.
   Finished prerequisites of target file 'commit.time'.
   Prerequisite 'start.md' is older than target 'commit.time'.
   Prerequisite 'README.md' is older than target 'commit.time'.
   Prerequisite 'newtalk.md' is older than target 'commit.time'.
   Prerequisite 'git.md' is older than target 'commit.time'.
   Prerequisite 'flextex.md' is older than target 'commit.time'.
   Prerequisite 'todo.md' is older than target 'commit.time'.
   Prerequisite 'masterR.md' is older than target 'commit.time'.
   Prerequisite 'texdeps.md' is older than target 'commit.time'.
   Prerequisite 'autorefs.md' is older than target 'commit.time'.
   Prerequisite 'stepR.md' is older than target 'commit.time'.
   Prerequisite 'cache.md' is older than target 'commit.time'.
   Prerequisite 'Makefile' is older than target 'commit.time'.
   Prerequisite 'LICENSE' is older than target 'commit.time'.
   Prerequisite 'README.md' is older than target 'commit.time'.
   Prerequisite 'static.mk' is older than target 'commit.time'.
   Prerequisite 'sub.mk' is older than target 'commit.time'.
   Prerequisite 'todo.md' is older than target 'commit.time'.
   Prerequisite 'ignore.pl' is older than target 'commit.time'.
   Prerequisite 'ignore.auth' is older than target 'commit.time'.
   Prerequisite 'ignore.vim' is older than target 'commit.time'.
   Prerequisite 'os.mk' is older than target 'commit.time'.
   Prerequisite 'unix.mk' is older than target 'commit.time'.
   Prerequisite 'linux.mk' is older than target 'commit.time'.
   Prerequisite 'windows.mk' is older than target 'commit.time'.
   Prerequisite 'up.mk' is older than target 'commit.time'.
   Prerequisite 'accounts.mk' is older than target 'commit.time'.
   Prerequisite 'accounts.pl' is older than target 'commit.time'.
   Prerequisite 'git.mk' is older than target 'commit.time'.
   Prerequisite 'git.def' is older than target 'commit.time'.
   Prerequisite 'git.md' is older than target 'commit.time'.
   Prerequisite 'repos.def' is older than target 'commit.time'.
   Prerequisite 'repos.mk' is older than target 'commit.time'.
   Prerequisite 'init.mk' is older than target 'commit.time'.
   Prerequisite 'modules.mk' is older than target 'commit.time'.
   Prerequisite 'drops.mk' is older than target 'commit.time'.
   Prerequisite 'target.mk' is older than target 'commit.time'.
   Prerequisite 'hybrid.mk' is older than target 'commit.time'.
   Prerequisite 'hotcold.mk' is older than target 'commit.time'.
   Prerequisite 'visual.mk' is older than target 'commit.time'.
   Prerequisite 'compare.mk' is older than target 'commit.time'.
   Prerequisite 'stepR.mk' is older than target 'commit.time'.
   Prerequisite 'stepR.md' is older than target 'commit.time'.
   Prerequisite 'rstep.pl' is older than target 'commit.time'.
   Prerequisite 'resources.mk' is older than target 'commit.time'.
   Prerequisite 'perl.def' is older than target 'commit.time'.
   Prerequisite 'python.def' is older than target 'commit.time'.
   Prerequisite 'newlatex.mk' is older than target 'commit.time'.
   Prerequisite 'latexdeps.pl' is older than target 'commit.time'.
   Prerequisite 'images.mk' is older than target 'commit.time'.
   Prerequisite 'newlatex.mk' is older than target 'commit.time'.
   Prerequisite 'latexdeps.pl' is older than target 'commit.time'.
   Prerequisite 'biber.def' is older than target 'commit.time'.
   Prerequisite 'bibtex.def' is older than target 'commit.time'.
   Prerequisite 'flextex.mk' is older than target 'commit.time'.
   Prerequisite 'flextex.pl' is older than target 'commit.time'.
   Prerequisite 'deps.mk' is older than target 'commit.time'.
   Prerequisite 'flextex.md' is older than target 'commit.time'.
   Prerequisite 'hybrid/nogit.mk' is older than target 'commit.time'.
   Prerequisite 'hybrid/drop.mk' is older than target 'commit.time'.
   Prerequisite 'hybrid/subdir.mk' is older than target 'commit.time'.
   Prerequisite 'hybrid/upstuff.mk' is older than target 'commit.time'.
   Prerequisite 'hybrid/clonestuff.mk' is older than target 'commit.time'.
   Prerequisite 'hybrid/makestuff.mk' is older than target 'commit.time'.
   Prerequisite 'hybrid/work.mk' is older than target 'commit.time'.
   Prerequisite 'hybrid/substuff.mk' is older than target 'commit.time'.
   Prerequisite 'hybrid/overleaf.mk' is older than target 'commit.time'.
   Prerequisite 'latexdiff.pl' is older than target 'commit.time'.
   Prerequisite 'texdeps.mk' is older than target 'commit.time'.
   Prerequisite 'texdeps.pl' is older than target 'commit.time'.
   Prerequisite 'texdeps.md' is older than target 'commit.time'.
   Prerequisite 'simptex.mk' is older than target 'commit.time'.
   Prerequisite 'linkdirs.mk' is older than target 'commit.time'.
   Prerequisite 'newtalk.def' is older than target 'commit.time'.
   Prerequisite 'newtalk.mk' is older than target 'commit.time'.
   Prerequisite 'newtalk.md' is older than target 'commit.time'.
   Prerequisite 'newtalk/ici3d.tmp' is older than target 'commit.time'.
   Prerequisite 'newtalk/beamer.tmp' is older than target 'commit.time'.
   Prerequisite 'newtalk/commands.sty' is older than target 'commit.time'.
   Prerequisite 'newtalk/lect.pl' is older than target 'commit.time'.
   Prerequisite 'newtalk/fmt.pl' is older than target 'commit.time'.
   Prerequisite 'newtalk/notes.tmp' is older than target 'commit.time'.
   Prerequisite 'newtalk/slidecomm.sty' is older than target 'commit.time'.
   Prerequisite 'newtalk/bulletspace.tex' is older than target 'commit.time'.
   Prerequisite 'newtalk/outline.tmp' is older than target 'commit.time'.
   Prerequisite 'newtalk/colors.tex' is older than target 'commit.time'.
   Prerequisite 'newtalk/txt.format' is older than target 'commit.time'.
   Prerequisite 'newtalk/section.tex' is older than target 'commit.time'.
   Prerequisite 'newtalk/JD_lecture_format.pl' is older than target 'commit.time'.
   Prerequisite 'newtalk/lengths.tex' is older than target 'commit.time'.
   Prerequisite 'lect.mk' is older than target 'commit.time'.
   Prerequisite 'lect/test.format' is older than target 'commit.time'.
   Prerequisite 'lect/fmt.pl' is older than target 'commit.time'.
   Prerequisite 'lect/course.fmt' is older than target 'commit.time'.
   Prerequisite 'lect/course.tmp' is older than target 'commit.time'.
   Prerequisite 'lect/README.md' is older than target 'commit.time'.
   Prerequisite 'lect/knit.fmt' is older than target 'commit.time'.
   Prerequisite 'lect/select.format' is older than target 'commit.time'.
   Prerequisite 'lect/pop.tex' is older than target 'commit.time'.
   Prerequisite 'lect/outline.fmt' is older than target 'commit.time'.
   Prerequisite 'lect/lect.format' is older than target 'commit.time'.
   Prerequisite 'lect/dfpar.tex' is older than target 'commit.time'.
   Prerequisite 'lect/ques.format' is older than target 'commit.time'.
   Prerequisite 'pandoc.mk' is older than target 'commit.time'.
   Prerequisite 'compare.mk' is older than target 'commit.time'.
   Prerequisite 'render.mk' is older than target 'commit.time'.
   Prerequisite 'webpix.mk' is older than target 'commit.time'.
   Prerequisite 'webtrans.mk' is older than target 'commit.time'.
   Prerequisite 'webhtml.pl' is older than target 'commit.time'.
   Prerequisite 'webmk.pl' is older than target 'commit.time'.
   Prerequisite 'cache.mk' is older than target 'commit.time'.
   Prerequisite 'cache.md' is older than target 'commit.time'.
   Prerequisite 'wrapR.mk' is older than target 'commit.time'.
   Prerequisite 'wrapR/objects.R' is older than target 'commit.time'.
   Prerequisite 'wrapR/summary.R' is older than target 'commit.time'.
   Prerequisite 'wrapR/pdfcheck.pl' is older than target 'commit.time'.
   Prerequisite 'wrapR/Rcalc.pl' is older than target 'commit.time'.
   Prerequisite 'wrapR/wrapper.pl' is older than target 'commit.time'.
   Prerequisite 'wrapR/Rtrim.pl' is older than target 'commit.time'.
   Prerequisite 'wrapR/pdf.mk' is older than target 'commit.time'.
   Prerequisite 'forms.def' is older than target 'commit.time'.
   Prerequisite 'forms.mk' is older than target 'commit.time'.
   Prerequisite 'wrapR/up.mk' is older than target 'commit.time'.
   Prerequisite 'masterR.mk' is older than target 'commit.time'.
   Prerequisite 'masterR.pl' is older than target 'commit.time'.
   Prerequisite 'masterRfiles.pl' is older than target 'commit.time'.
   Prerequisite 'masterR.md' is older than target 'commit.time'.
   Prerequisite 'autorefs.mk' is older than target 'commit.time'.
   Prerequisite 'autorefs/ir.pl' is older than target 'commit.time'.
   Prerequisite 'autorefs/point.pl' is older than target 'commit.time'.
   Prerequisite 'autorefs/pm.pl' is older than target 'commit.time'.
   Prerequisite 'autorefs/mbib.pl' is older than target 'commit.time'.
   Prerequisite 'autorefs/mdmk.pl' is older than target 'commit.time'.
   Prerequisite 'autorefs/mdrec.pl' is older than target 'commit.time'.
   Prerequisite 'autorefs/md.pl' is older than target 'commit.time'.
   Prerequisite 'autorefs/mref.pl' is older than target 'commit.time'.
   Prerequisite 'autorefs/bibmk.pl' is older than target 'commit.time'.
   Prerequisite 'autorefs/int.pl' is older than target 'commit.time'.
   Prerequisite 'autorefs/refmk.pl' is older than target 'commit.time'.
   Prerequisite 'autorefs/mkmk.pl' is older than target 'commit.time'.
   Prerequisite 'autorefs/mm.pl' is older than target 'commit.time'.
   Prerequisite 'autorefs/nodoi.pl' is older than target 'commit.time'.
   Prerequisite 'autorefs/Makefile' is older than target 'commit.time'.
   Prerequisite 'autorefs.md' is older than target 'commit.time'.
   Prerequisite 'missing.pdf' is older than target 'commit.time'.
   Prerequisite 'personal.pdf' is older than target 'commit.time'.
   Prerequisite 'repos/dushoff_repos.mk' is older than target 'commit.time'.
   Prerequisite 'repos/friends.mk' is older than target 'commit.time'.
   Prerequisite 'repos/sites.mk' is older than target 'commit.time'.
   Prerequisite 'repos/dushoff_repos.def' is older than target 'commit.time'.
   Prerequisite 'repos/friends.def' is older than target 'commit.time'.
  No need to remake target 'commit.time'.
 Finished prerequisites of target file 'up.time'.
 Prerequisite 'commit.time' is older than target 'up.time'.
No need to remake target 'up.time'.
make[6]: 'up.time' is up to date.
make[6]: Leaving directory '/home/dushoff/gitroot/linux_config/makestuff'
Reaping winning child 0x5572cbf9cdb0 PID 6602 
Removing child 0x5572cbf9cdb0 PID 6602 from chain.
  Successfully remade target file 'makestuff.all'.
  Considering target file 'exclude'.
   File 'exclude' does not exist.
    Considering target file '/home/dushoff/gitroot/linux_config/.git/info/exclude'.
      Pruning file 'Makefile'.
      Considering target file 'focus'.
       Looking for an implicit rule for 'focus'.
       No implicit rule found for 'focus'.
       Finished prerequisites of target file 'focus'.
      No need to remake target 'focus'.
      Considering target file 'jumpy'.
       Looking for an implicit rule for 'jumpy'.
       No implicit rule found for 'jumpy'.
       Finished prerequisites of target file 'jumpy'.
      No need to remake target 'jumpy'.
      Considering target file 'n17'.
       Looking for an implicit rule for 'n17'.
       No implicit rule found for 'n17'.
       Finished prerequisites of target file 'n17'.
      No need to remake target 'n17'.
      Considering target file 'nono'.
       Looking for an implicit rule for 'nono'.
       No implicit rule found for 'nono'.
       Finished prerequisites of target file 'nono'.
      No need to remake target 'nono'.
      Considering target file 'nopad'.
       Looking for an implicit rule for 'nopad'.
       No implicit rule found for 'nopad'.
       Finished prerequisites of target file 'nopad'.
      No need to remake target 'nopad'.
      Considering target file 'noscreen'.
       Looking for an implicit rule for 'noscreen'.
       No implicit rule found for 'noscreen'.
       Finished prerequisites of target file 'noscreen'.
      No need to remake target 'noscreen'.
      Considering target file 'o17'.
       Looking for an implicit rule for 'o17'.
       No implicit rule found for 'o17'.
       Finished prerequisites of target file 'o17'.
      No need to remake target 'o17'.
      Considering target file 'opad'.
       Looking for an implicit rule for 'opad'.
       No implicit rule found for 'opad'.
       Finished prerequisites of target file 'opad'.
      No need to remake target 'opad'.
      Considering target file 'oscreen'.
       Looking for an implicit rule for 'oscreen'.
       No implicit rule found for 'oscreen'.
       Finished prerequisites of target file 'oscreen'.
      No need to remake target 'oscreen'.
      Considering target file 'pado'.
       Looking for an implicit rule for 'pado'.
       No implicit rule found for 'pado'.
       Finished prerequisites of target file 'pado'.
      No need to remake target 'pado'.
      Considering target file 'screeno'.
       Looking for an implicit rule for 'screeno'.
       No implicit rule found for 'screeno'.
       Finished prerequisites of target file 'screeno'.
      No need to remake target 'screeno'.
      Considering target file 'sdir'.
       Looking for an implicit rule for 'sdir'.
       No implicit rule found for 'sdir'.
       Finished prerequisites of target file 'sdir'.
      No need to remake target 'sdir'.
      Considering target file 'ship'.
       Looking for an implicit rule for 'ship'.
       No implicit rule found for 'ship'.
       Finished prerequisites of target file 'ship'.
      No need to remake target 'ship'.
      Considering target file 'sleepy'.
       Looking for an implicit rule for 'sleepy'.
       No implicit rule found for 'sleepy'.
       Finished prerequisites of target file 'sleepy'.
      No need to remake target 'sleepy'.
      Considering target file 'tat.pl'.
       Looking for an implicit rule for 'tat.pl'.
       No implicit rule found for 'tat.pl'.
       Finished prerequisites of target file 'tat.pl'.
      No need to remake target 'tat.pl'.
      Considering target file 'term'.
       Looking for an implicit rule for 'term'.
       No implicit rule found for 'term'.
       Finished prerequisites of target file 'term'.
      No need to remake target 'term'.
      Considering target file 'vi'.
       Looking for an implicit rule for 'vi'.
       No implicit rule found for 'vi'.
       Finished prerequisites of target file 'vi'.
      No need to remake target 'vi'.
      Considering target file 'wakey'.
       Looking for an implicit rule for 'wakey'.
       No implicit rule found for 'wakey'.
       Finished prerequisites of target file 'wakey'.
      No need to remake target 'wakey'.
     Finished prerequisites of target file '/home/dushoff/gitroot/linux_config/.git/info/exclude'.
     Prerequisite 'Makefile' is older than target '/home/dushoff/gitroot/linux_config/.git/info/exclude'.
     Prerequisite 'focus' is older than target '/home/dushoff/gitroot/linux_config/.git/info/exclude'.
     Prerequisite 'jumpy' is older than target '/home/dushoff/gitroot/linux_config/.git/info/exclude'.
     Prerequisite 'n17' is older than target '/home/dushoff/gitroot/linux_config/.git/info/exclude'.
     Prerequisite 'nono' is older than target '/home/dushoff/gitroot/linux_config/.git/info/exclude'.
     Prerequisite 'nopad' is older than target '/home/dushoff/gitroot/linux_config/.git/info/exclude'.
     Prerequisite 'noscreen' is older than target '/home/dushoff/gitroot/linux_config/.git/info/exclude'.
     Prerequisite 'o17' is older than target '/home/dushoff/gitroot/linux_config/.git/info/exclude'.
     Prerequisite 'opad' is older than target '/home/dushoff/gitroot/linux_config/.git/info/exclude'.
     Prerequisite 'oscreen' is older than target '/home/dushoff/gitroot/linux_config/.git/info/exclude'.
     Prerequisite 'pado' is older than target '/home/dushoff/gitroot/linux_config/.git/info/exclude'.
     Prerequisite 'screeno' is older than target '/home/dushoff/gitroot/linux_config/.git/info/exclude'.
     Prerequisite 'sdir' is older than target '/home/dushoff/gitroot/linux_config/.git/info/exclude'.
     Prerequisite 'ship' is older than target '/home/dushoff/gitroot/linux_config/.git/info/exclude'.
     Prerequisite 'sleepy' is older than target '/home/dushoff/gitroot/linux_config/.git/info/exclude'.
     Prerequisite 'tat.pl' is older than target '/home/dushoff/gitroot/linux_config/.git/info/exclude'.
     Prerequisite 'term' is older than target '/home/dushoff/gitroot/linux_config/.git/info/exclude'.
     Prerequisite 'vi' is older than target '/home/dushoff/gitroot/linux_config/.git/info/exclude'.
     Prerequisite 'wakey' is older than target '/home/dushoff/gitroot/linux_config/.git/info/exclude'.
    No need to remake target '/home/dushoff/gitroot/linux_config/.git/info/exclude'.
   Finished prerequisites of target file 'exclude'.
  Must remake target 'exclude'.
  Successfully remade target file 'exclude'.
  Considering target file 'up.time'.
    Considering target file 'commit.time'.
      Pruning file 'Makefile'.
      Pruning file 'focus'.
      Pruning file 'jumpy'.
      Pruning file 'n17'.
      Pruning file 'nono'.
      Pruning file 'nopad'.
      Pruning file 'noscreen'.
      Pruning file 'o17'.
      Pruning file 'opad'.
      Pruning file 'oscreen'.
      Pruning file 'pado'.
      Pruning file 'screeno'.
      Pruning file 'sdir'.
      Pruning file 'ship'.
      Pruning file 'sleepy'.
      Pruning file 'tat.pl'.
      Pruning file 'term'.
      Pruning file 'vi'.
      Pruning file 'wakey'.
     Finished prerequisites of target file 'commit.time'.
     Prerequisite 'Makefile' is older than target 'commit.time'.
     Prerequisite 'focus' is older than target 'commit.time'.
     Prerequisite 'jumpy' is older than target 'commit.time'.
     Prerequisite 'n17' is older than target 'commit.time'.
     Prerequisite 'nono' is older than target 'commit.time'.
     Prerequisite 'nopad' is older than target 'commit.time'.
     Prerequisite 'noscreen' is older than target 'commit.time'.
     Prerequisite 'o17' is older than target 'commit.time'.
     Prerequisite 'opad' is older than target 'commit.time'.
     Prerequisite 'oscreen' is older than target 'commit.time'.
     Prerequisite 'pado' is older than target 'commit.time'.
     Prerequisite 'screeno' is older than target 'commit.time'.
     Prerequisite 'sdir' is older than target 'commit.time'.
     Prerequisite 'ship' is older than target 'commit.time'.
     Prerequisite 'sleepy' is older than target 'commit.time'.
     Prerequisite 'tat.pl' is older than target 'commit.time'.
     Prerequisite 'term' is older than target 'commit.time'.
     Prerequisite 'vi' is older than target 'commit.time'.
     Prerequisite 'wakey' is older than target 'commit.time'.
    No need to remake target 'commit.time'.
   Finished prerequisites of target file 'up.time'.
   Prerequisite 'commit.time' is older than target 'up.time'.
  No need to remake target 'up.time'.
 Finished prerequisites of target file 'all.time'.
Must remake target 'all.time'.
touch all.time
Putting child 0x5572cbfb2af0 (all.time) PID 6607 on the chain.
Live child 0x5572cbfb2af0 (all.time) PID 6607 
Reaping winning child 0x5572cbfb2af0 PID 6607 
git status
Live child 0x5572cbfb2af0 (all.time) PID 6608 
On branch master
Your branch is up to date with 'origin/master'.

Changes not staged for commit:
  (use "git add <file>..." to update what will be committed)
  (use "git checkout -- <file>..." to discard changes in working directory)

	modified:   ../Makefile

Untracked files:
  (use "git add <file>..." to include in what will be committed)

	tmp.scr

no changes added to commit (use "git add" and/or "git commit -a")
Reaping winning child 0x5572cbfb2af0 PID 6608 
Removing child 0x5572cbfb2af0 PID 6608 from chain.
Successfully remade target file 'all.time'.
make[5]: Leaving directory '/home/dushoff/gitroot/linux_config/bin'
Reaping winning child 0x55a03a874b50 PID 6593 
Removing child 0x55a03a874b50 PID 6593 from chain.
  Successfully remade target file 'bin.all'.
  Considering target file 'makestuff.all'.
   File 'makestuff.all' does not exist.
    Considering target file 'makestuff'.
     Looking for an implicit rule for 'makestuff'.
     No implicit rule found for 'makestuff'.
     Finished prerequisites of target file 'makestuff'.
    No need to remake target 'makestuff'.
   Finished prerequisites of target file 'makestuff.all'.
  Must remake target 'makestuff.all'.
cd makestuff && make up.time
Putting child 0x55a03a8880e0 (makestuff.all) PID 6609 on the chain.
Live child 0x55a03a8880e0 (makestuff.all) PID 6609 
GNU Make 4.1
Built for x86_64-pc-linux-gnu
Copyright (C) 1988-2014 Free Software Foundation, Inc.
License GPLv3+: GNU GPL version 3 or later <http://gnu.org/licenses/gpl.html>
This is free software: you are free to change and redistribute it.
There is NO WARRANTY, to the extent permitted by law.
Reading makefiles...
Reading makefile 'Makefile'...
Reading makefile 'target.mk' (search path) (don't care) (no ~ expansion)...
Reading makefile 'os.mk' (search path) (don't care) (no ~ expansion)...
make[5]: Entering directory '/home/dushoff/gitroot/linux_config/makestuff'
Reading makefile 'linux.mk' (search path) (no ~ expansion)...
Reading makefile 'unix.mk' (search path) (don't care) (no ~ expansion)...
Reading makefile 'local.mk' (search path) (don't care) (no ~ expansion)...
Reading makefile 'git.mk' (search path) (no ~ expansion)...
Reading makefile 'pandoc.mk' (search path) (no ~ expansion)...
Reading makefile 'visual.mk' (search path) (no ~ expansion)...
Updating makefiles....
 Considering target file 'visual.mk'.
  Looking for an implicit rule for 'visual.mk'.
  No implicit rule found for 'visual.mk'.
  Finished prerequisites of target file 'visual.mk'.
 No need to remake target 'visual.mk'.
 Considering target file 'pandoc.mk'.
  Looking for an implicit rule for 'pandoc.mk'.
  No implicit rule found for 'pandoc.mk'.
  Finished prerequisites of target file 'pandoc.mk'.
 No need to remake target 'pandoc.mk'.
 Considering target file 'git.mk'.
  Looking for an implicit rule for 'git.mk'.
  No implicit rule found for 'git.mk'.
  Finished prerequisites of target file 'git.mk'.
 No need to remake target 'git.mk'.
 Considering target file 'local.mk'.
  File 'local.mk' does not exist.
  Looking for an implicit rule for 'local.mk'.
  No implicit rule found for 'local.mk'.
  Finished prerequisites of target file 'local.mk'.
 Must remake target 'local.mk'.
 Failed to remake target file 'local.mk'.
 Considering target file 'unix.mk'.
  Looking for an implicit rule for 'unix.mk'.
  No implicit rule found for 'unix.mk'.
  Finished prerequisites of target file 'unix.mk'.
 No need to remake target 'unix.mk'.
 Considering target file 'linux.mk'.
  Looking for an implicit rule for 'linux.mk'.
  No implicit rule found for 'linux.mk'.
  Finished prerequisites of target file 'linux.mk'.
 No need to remake target 'linux.mk'.
 Considering target file 'os.mk'.
  Looking for an implicit rule for 'os.mk'.
  No implicit rule found for 'os.mk'.
  Finished prerequisites of target file 'os.mk'.
 No need to remake target 'os.mk'.
 Considering target file 'target.mk'.
  Finished prerequisites of target file 'target.mk'.
 No need to remake target 'target.mk'.
 Considering target file 'Makefile'.
  Looking for an implicit rule for 'Makefile'.
  No implicit rule found for 'Makefile'.
  Finished prerequisites of target file 'Makefile'.
 No need to remake target 'Makefile'.
Updating goal targets....
Considering target file 'up.time'.
  Considering target file 'commit.time'.
    Considering target file 'start.md'.
     Looking for an implicit rule for 'start.md'.
     Trying pattern rule with stem 'start'.
     Trying implicit prerequisite 'start.rmd'.
     Trying pattern rule with stem 'start'.
     Trying implicit prerequisite 'start.tex'.
     Trying pattern rule with stem 'start'.
     Trying implicit prerequisite 'start.rmd'.
     Looking for a rule with intermediate file 'start.rmd'.
      Avoiding implicit rule recursion.
     Trying pattern rule with stem 'start'.
     Trying implicit prerequisite 'start.tex'.
     Looking for a rule with intermediate file 'start.tex'.
      Avoiding implicit rule recursion.
      Trying pattern rule with stem 'start'.
      Trying implicit prerequisite 'start.Rnw'.
      Trying pattern rule with stem 'start'.
      Trying implicit prerequisite 'start.Rnw'.
      Looking for a rule with intermediate file 'start.Rnw'.
       Avoiding implicit rule recursion.
       Avoiding implicit rule recursion.
     No implicit rule found for 'start.md'.
     Finished prerequisites of target file 'start.md'.
    No need to remake target 'start.md'.
    Considering target file 'README.md'.
     Finished prerequisites of target file 'README.md'.
    No need to remake target 'README.md'.
    Considering target file 'newtalk.md'.
     Looking for an implicit rule for 'newtalk.md'.
     Trying pattern rule with stem 'newtalk'.
     Trying implicit prerequisite 'newtalk.rmd'.
     Trying pattern rule with stem 'newtalk'.
     Trying implicit prerequisite 'newtalk.tex'.
     Trying pattern rule with stem 'newtalk'.
     Trying implicit prerequisite 'newtalk.rmd'.
     Looking for a rule with intermediate file 'newtalk.rmd'.
      Avoiding implicit rule recursion.
     Trying pattern rule with stem 'newtalk'.
     Trying implicit prerequisite 'newtalk.tex'.
     Looking for a rule with intermediate file 'newtalk.tex'.
      Avoiding implicit rule recursion.
      Trying pattern rule with stem 'newtalk'.
      Trying implicit prerequisite 'newtalk.Rnw'.
      Trying pattern rule with stem 'newtalk'.
      Trying implicit prerequisite 'newtalk.Rnw'.
      Looking for a rule with intermediate file 'newtalk.Rnw'.
       Avoiding implicit rule recursion.
       Avoiding implicit rule recursion.
     No implicit rule found for 'newtalk.md'.
     Finished prerequisites of target file 'newtalk.md'.
    No need to remake target 'newtalk.md'.
    Considering target file 'git.md'.
     Looking for an implicit rule for 'git.md'.
     Trying pattern rule with stem 'git'.
     Trying implicit prerequisite 'git.rmd'.
     Trying pattern rule with stem 'git'.
     Trying implicit prerequisite 'git.tex'.
     Trying pattern rule with stem 'git'.
     Trying implicit prerequisite 'git.rmd'.
     Looking for a rule with intermediate file 'git.rmd'.
      Avoiding implicit rule recursion.
     Trying pattern rule with stem 'git'.
     Trying implicit prerequisite 'git.tex'.
     Looking for a rule with intermediate file 'git.tex'.
      Avoiding implicit rule recursion.
      Trying pattern rule with stem 'git'.
      Trying implicit prerequisite 'git.Rnw'.
      Trying pattern rule with stem 'git'.
      Trying implicit prerequisite 'git.Rnw'.
      Looking for a rule with intermediate file 'git.Rnw'.
       Avoiding implicit rule recursion.
       Avoiding implicit rule recursion.
     No implicit rule found for 'git.md'.
     Finished prerequisites of target file 'git.md'.
    No need to remake target 'git.md'.
    Considering target file 'flextex.md'.
     Looking for an implicit rule for 'flextex.md'.
     Trying pattern rule with stem 'flextex'.
     Trying implicit prerequisite 'flextex.rmd'.
     Trying pattern rule with stem 'flextex'.
     Trying implicit prerequisite 'flextex.tex'.
     Trying pattern rule with stem 'flextex'.
     Trying implicit prerequisite 'flextex.rmd'.
     Looking for a rule with intermediate file 'flextex.rmd'.
      Avoiding implicit rule recursion.
     Trying pattern rule with stem 'flextex'.
     Trying implicit prerequisite 'flextex.tex'.
     Looking for a rule with intermediate file 'flextex.tex'.
      Avoiding implicit rule recursion.
      Trying pattern rule with stem 'flextex'.
      Trying implicit prerequisite 'flextex.Rnw'.
      Trying pattern rule with stem 'flextex'.
      Trying implicit prerequisite 'flextex.Rnw'.
      Looking for a rule with intermediate file 'flextex.Rnw'.
       Avoiding implicit rule recursion.
       Avoiding implicit rule recursion.
     No implicit rule found for 'flextex.md'.
     Finished prerequisites of target file 'flextex.md'.
    No need to remake target 'flextex.md'.
    Considering target file 'todo.md'.
     Looking for an implicit rule for 'todo.md'.
     Trying pattern rule with stem 'todo'.
     Trying implicit prerequisite 'todo.rmd'.
     Trying pattern rule with stem 'todo'.
     Trying implicit prerequisite 'todo.tex'.
     Trying pattern rule with stem 'todo'.
     Trying implicit prerequisite 'todo.rmd'.
     Looking for a rule with intermediate file 'todo.rmd'.
      Avoiding implicit rule recursion.
     Trying pattern rule with stem 'todo'.
     Trying implicit prerequisite 'todo.tex'.
     Looking for a rule with intermediate file 'todo.tex'.
      Avoiding implicit rule recursion.
      Trying pattern rule with stem 'todo'.
      Trying implicit prerequisite 'todo.Rnw'.
      Trying pattern rule with stem 'todo'.
      Trying implicit prerequisite 'todo.Rnw'.
      Looking for a rule with intermediate file 'todo.Rnw'.
       Avoiding implicit rule recursion.
       Avoiding implicit rule recursion.
     No implicit rule found for 'todo.md'.
     Finished prerequisites of target file 'todo.md'.
    No need to remake target 'todo.md'.
    Considering target file 'masterR.md'.
     Looking for an implicit rule for 'masterR.md'.
     Trying pattern rule with stem 'masterR'.
     Trying implicit prerequisite 'masterR.rmd'.
     Trying pattern rule with stem 'masterR'.
     Trying implicit prerequisite 'masterR.tex'.
     Trying pattern rule with stem 'masterR'.
     Trying implicit prerequisite 'masterR.rmd'.
     Looking for a rule with intermediate file 'masterR.rmd'.
      Avoiding implicit rule recursion.
     Trying pattern rule with stem 'masterR'.
     Trying implicit prerequisite 'masterR.tex'.
     Looking for a rule with intermediate file 'masterR.tex'.
      Avoiding implicit rule recursion.
      Trying pattern rule with stem 'masterR'.
      Trying implicit prerequisite 'masterR.Rnw'.
      Trying pattern rule with stem 'masterR'.
      Trying implicit prerequisite 'masterR.Rnw'.
      Looking for a rule with intermediate file 'masterR.Rnw'.
       Avoiding implicit rule recursion.
       Avoiding implicit rule recursion.
     No implicit rule found for 'masterR.md'.
     Finished prerequisites of target file 'masterR.md'.
    No need to remake target 'masterR.md'.
    Considering target file 'texdeps.md'.
     Looking for an implicit rule for 'texdeps.md'.
     Trying pattern rule with stem 'texdeps'.
     Trying implicit prerequisite 'texdeps.rmd'.
     Trying pattern rule with stem 'texdeps'.
     Trying implicit prerequisite 'texdeps.tex'.
     Trying pattern rule with stem 'texdeps'.
     Trying implicit prerequisite 'texdeps.rmd'.
     Looking for a rule with intermediate file 'texdeps.rmd'.
      Avoiding implicit rule recursion.
     Trying pattern rule with stem 'texdeps'.
     Trying implicit prerequisite 'texdeps.tex'.
     Looking for a rule with intermediate file 'texdeps.tex'.
      Avoiding implicit rule recursion.
      Trying pattern rule with stem 'texdeps'.
      Trying implicit prerequisite 'texdeps.Rnw'.
      Trying pattern rule with stem 'texdeps'.
      Trying implicit prerequisite 'texdeps.Rnw'.
      Looking for a rule with intermediate file 'texdeps.Rnw'.
       Avoiding implicit rule recursion.
       Avoiding implicit rule recursion.
     No implicit rule found for 'texdeps.md'.
     Finished prerequisites of target file 'texdeps.md'.
    No need to remake target 'texdeps.md'.
    Considering target file 'autorefs.md'.
     Looking for an implicit rule for 'autorefs.md'.
     Trying pattern rule with stem 'autorefs'.
     Trying implicit prerequisite 'autorefs.rmd'.
     Trying pattern rule with stem 'autorefs'.
     Trying implicit prerequisite 'autorefs.tex'.
     Trying pattern rule with stem 'autorefs'.
     Trying implicit prerequisite 'autorefs.rmd'.
     Looking for a rule with intermediate file 'autorefs.rmd'.
      Avoiding implicit rule recursion.
     Trying pattern rule with stem 'autorefs'.
     Trying implicit prerequisite 'autorefs.tex'.
     Looking for a rule with intermediate file 'autorefs.tex'.
      Avoiding implicit rule recursion.
      Trying pattern rule with stem 'autorefs'.
      Trying implicit prerequisite 'autorefs.Rnw'.
      Trying pattern rule with stem 'autorefs'.
      Trying implicit prerequisite 'autorefs.Rnw'.
      Looking for a rule with intermediate file 'autorefs.Rnw'.
       Avoiding implicit rule recursion.
       Avoiding implicit rule recursion.
     No implicit rule found for 'autorefs.md'.
     Finished prerequisites of target file 'autorefs.md'.
    No need to remake target 'autorefs.md'.
    Considering target file 'stepR.md'.
     Looking for an implicit rule for 'stepR.md'.
     Trying pattern rule with stem 'stepR'.
     Trying implicit prerequisite 'stepR.rmd'.
     Trying pattern rule with stem 'stepR'.
     Trying implicit prerequisite 'stepR.tex'.
     Trying pattern rule with stem 'stepR'.
     Trying implicit prerequisite 'stepR.rmd'.
     Looking for a rule with intermediate file 'stepR.rmd'.
      Avoiding implicit rule recursion.
     Trying pattern rule with stem 'stepR'.
     Trying implicit prerequisite 'stepR.tex'.
     Looking for a rule with intermediate file 'stepR.tex'.
      Avoiding implicit rule recursion.
      Trying pattern rule with stem 'stepR'.
      Trying implicit prerequisite 'stepR.Rnw'.
      Trying pattern rule with stem 'stepR'.
      Trying implicit prerequisite 'stepR.Rnw'.
      Looking for a rule with intermediate file 'stepR.Rnw'.
       Avoiding implicit rule recursion.
       Avoiding implicit rule recursion.
     No implicit rule found for 'stepR.md'.
     Finished prerequisites of target file 'stepR.md'.
    No need to remake target 'stepR.md'.
    Considering target file 'cache.md'.
     Looking for an implicit rule for 'cache.md'.
     Trying pattern rule with stem 'cache'.
     Trying implicit prerequisite 'cache.rmd'.
     Trying pattern rule with stem 'cache'.
     Trying implicit prerequisite 'cache.tex'.
     Trying pattern rule with stem 'cache'.
     Trying implicit prerequisite 'cache.rmd'.
     Looking for a rule with intermediate file 'cache.rmd'.
      Avoiding implicit rule recursion.
     Trying pattern rule with stem 'cache'.
     Trying implicit prerequisite 'cache.tex'.
     Looking for a rule with intermediate file 'cache.tex'.
      Avoiding implicit rule recursion.
      Trying pattern rule with stem 'cache'.
      Trying implicit prerequisite 'cache.Rnw'.
      Trying pattern rule with stem 'cache'.
      Trying implicit prerequisite 'cache.Rnw'.
      Looking for a rule with intermediate file 'cache.Rnw'.
       Avoiding implicit rule recursion.
       Avoiding implicit rule recursion.
     No implicit rule found for 'cache.md'.
     Finished prerequisites of target file 'cache.md'.
    No need to remake target 'cache.md'.
    Considering target file 'Makefile'.
    File 'Makefile' was considered already.
    Considering target file 'LICENSE'.
     Looking for an implicit rule for 'LICENSE'.
     No implicit rule found for 'LICENSE'.
     Finished prerequisites of target file 'LICENSE'.
    No need to remake target 'LICENSE'.
    Pruning file 'README.md'.
    Considering target file 'static.mk'.
     Looking for an implicit rule for 'static.mk'.
     No implicit rule found for 'static.mk'.
     Finished prerequisites of target file 'static.mk'.
    No need to remake target 'static.mk'.
    Considering target file 'sub.mk'.
     Looking for an implicit rule for 'sub.mk'.
     No implicit rule found for 'sub.mk'.
     Finished prerequisites of target file 'sub.mk'.
    No need to remake target 'sub.mk'.
    Pruning file 'todo.md'.
    Considering target file 'ignore.pl'.
     Looking for an implicit rule for 'ignore.pl'.
     No implicit rule found for 'ignore.pl'.
     Finished prerequisites of target file 'ignore.pl'.
    No need to remake target 'ignore.pl'.
    Considering target file 'ignore.auth'.
     Looking for an implicit rule for 'ignore.auth'.
     No implicit rule found for 'ignore.auth'.
     Finished prerequisites of target file 'ignore.auth'.
    No need to remake target 'ignore.auth'.
    Considering target file 'ignore.vim'.
     Looking for an implicit rule for 'ignore.vim'.
     No implicit rule found for 'ignore.vim'.
     Finished prerequisites of target file 'ignore.vim'.
    No need to remake target 'ignore.vim'.
    Considering target file 'os.mk'.
    File 'os.mk' was considered already.
    Considering target file 'unix.mk'.
    File 'unix.mk' was considered already.
    Considering target file 'linux.mk'.
    File 'linux.mk' was considered already.
    Considering target file 'windows.mk'.
     Looking for an implicit rule for 'windows.mk'.
     No implicit rule found for 'windows.mk'.
     Finished prerequisites of target file 'windows.mk'.
    No need to remake target 'windows.mk'.
    Considering target file 'up.mk'.
     Looking for an implicit rule for 'up.mk'.
     No implicit rule found for 'up.mk'.
     Finished prerequisites of target file 'up.mk'.
    No need to remake target 'up.mk'.
    Considering target file 'accounts.mk'.
     Looking for an implicit rule for 'accounts.mk'.
     No implicit rule found for 'accounts.mk'.
     Finished prerequisites of target file 'accounts.mk'.
    No need to remake target 'accounts.mk'.
    Considering target file 'accounts.pl'.
     Looking for an implicit rule for 'accounts.pl'.
     No implicit rule found for 'accounts.pl'.
     Finished prerequisites of target file 'accounts.pl'.
    No need to remake target 'accounts.pl'.
    Considering target file 'git.mk'.
    File 'git.mk' was considered already.
    Considering target file 'git.def'.
     Looking for an implicit rule for 'git.def'.
     No implicit rule found for 'git.def'.
     Finished prerequisites of target file 'git.def'.
    No need to remake target 'git.def'.
    Pruning file 'git.md'.
    Considering target file 'repos.def'.
     Looking for an implicit rule for 'repos.def'.
     No implicit rule found for 'repos.def'.
     Finished prerequisites of target file 'repos.def'.
    No need to remake target 'repos.def'.
    Considering target file 'repos.mk'.
     Looking for an implicit rule for 'repos.mk'.
     No implicit rule found for 'repos.mk'.
     Finished prerequisites of target file 'repos.mk'.
    No need to remake target 'repos.mk'.
    Considering target file 'init.mk'.
     Looking for an implicit rule for 'init.mk'.
     No implicit rule found for 'init.mk'.
     Finished prerequisites of target file 'init.mk'.
    No need to remake target 'init.mk'.
    Considering target file 'modules.mk'.
     Looking for an implicit rule for 'modules.mk'.
     No implicit rule found for 'modules.mk'.
     Finished prerequisites of target file 'modules.mk'.
    No need to remake target 'modules.mk'.
    Considering target file 'drops.mk'.
     Looking for an implicit rule for 'drops.mk'.
     No implicit rule found for 'drops.mk'.
     Finished prerequisites of target file 'drops.mk'.
    No need to remake target 'drops.mk'.
    Considering target file 'target.mk'.
    File 'target.mk' was considered already.
    Considering target file 'hybrid.mk'.
     Looking for an implicit rule for 'hybrid.mk'.
     No implicit rule found for 'hybrid.mk'.
     Finished prerequisites of target file 'hybrid.mk'.
    No need to remake target 'hybrid.mk'.
    Considering target file 'hotcold.mk'.
     Looking for an implicit rule for 'hotcold.mk'.
     No implicit rule found for 'hotcold.mk'.
     Finished prerequisites of target file 'hotcold.mk'.
    No need to remake target 'hotcold.mk'.
    Considering target file 'visual.mk'.
    File 'visual.mk' was considered already.
    Considering target file 'compare.mk'.
     Looking for an implicit rule for 'compare.mk'.
     No implicit rule found for 'compare.mk'.
     Finished prerequisites of target file 'compare.mk'.
    No need to remake target 'compare.mk'.
    Considering target file 'stepR.mk'.
     Looking for an implicit rule for 'stepR.mk'.
     No implicit rule found for 'stepR.mk'.
     Finished prerequisites of target file 'stepR.mk'.
    No need to remake target 'stepR.mk'.
    Pruning file 'stepR.md'.
    Considering target file 'rstep.pl'.
     Looking for an implicit rule for 'rstep.pl'.
     No implicit rule found for 'rstep.pl'.
     Finished prerequisites of target file 'rstep.pl'.
    No need to remake target 'rstep.pl'.
    Considering target file 'resources.mk'.
     Looking for an implicit rule for 'resources.mk'.
     No implicit rule found for 'resources.mk'.
     Finished prerequisites of target file 'resources.mk'.
    No need to remake target 'resources.mk'.
    Considering target file 'perl.def'.
     Looking for an implicit rule for 'perl.def'.
     No implicit rule found for 'perl.def'.
     Finished prerequisites of target file 'perl.def'.
    No need to remake target 'perl.def'.
    Considering target file 'python.def'.
     Looking for an implicit rule for 'python.def'.
     No implicit rule found for 'python.def'.
     Finished prerequisites of target file 'python.def'.
    No need to remake target 'python.def'.
    Considering target file 'newlatex.mk'.
     Looking for an implicit rule for 'newlatex.mk'.
     No implicit rule found for 'newlatex.mk'.
     Finished prerequisites of target file 'newlatex.mk'.
    No need to remake target 'newlatex.mk'.
    Considering target file 'latexdeps.pl'.
     Looking for an implicit rule for 'latexdeps.pl'.
     No implicit rule found for 'latexdeps.pl'.
     Finished prerequisites of target file 'latexdeps.pl'.
    No need to remake target 'latexdeps.pl'.
    Considering target file 'images.mk'.
     Looking for an implicit rule for 'images.mk'.
     No implicit rule found for 'images.mk'.
     Finished prerequisites of target file 'images.mk'.
    No need to remake target 'images.mk'.
    Pruning file 'newlatex.mk'.
    Pruning file 'latexdeps.pl'.
    Considering target file 'biber.def'.
     Looking for an implicit rule for 'biber.def'.
     No implicit rule found for 'biber.def'.
     Finished prerequisites of target file 'biber.def'.
    No need to remake target 'biber.def'.
    Considering target file 'bibtex.def'.
     Looking for an implicit rule for 'bibtex.def'.
     No implicit rule found for 'bibtex.def'.
     Finished prerequisites of target file 'bibtex.def'.
    No need to remake target 'bibtex.def'.
    Considering target file 'flextex.mk'.
     Looking for an implicit rule for 'flextex.mk'.
     No implicit rule found for 'flextex.mk'.
     Finished prerequisites of target file 'flextex.mk'.
    No need to remake target 'flextex.mk'.
    Considering target file 'flextex.pl'.
     Looking for an implicit rule for 'flextex.pl'.
     No implicit rule found for 'flextex.pl'.
     Finished prerequisites of target file 'flextex.pl'.
    No need to remake target 'flextex.pl'.
    Considering target file 'deps.mk'.
     Looking for an implicit rule for 'deps.mk'.
     No implicit rule found for 'deps.mk'.
     Finished prerequisites of target file 'deps.mk'.
    No need to remake target 'deps.mk'.
    Pruning file 'flextex.md'.
    Considering target file 'hybrid/nogit.mk'.
     Looking for an implicit rule for 'hybrid/nogit.mk'.
     No implicit rule found for 'hybrid/nogit.mk'.
     Finished prerequisites of target file 'hybrid/nogit.mk'.
    No need to remake target 'hybrid/nogit.mk'.
    Considering target file 'hybrid/drop.mk'.
     Looking for an implicit rule for 'hybrid/drop.mk'.
     No implicit rule found for 'hybrid/drop.mk'.
     Finished prerequisites of target file 'hybrid/drop.mk'.
    No need to remake target 'hybrid/drop.mk'.
    Considering target file 'hybrid/subdir.mk'.
     Looking for an implicit rule for 'hybrid/subdir.mk'.
     No implicit rule found for 'hybrid/subdir.mk'.
     Finished prerequisites of target file 'hybrid/subdir.mk'.
    No need to remake target 'hybrid/subdir.mk'.
    Considering target file 'hybrid/upstuff.mk'.
     Looking for an implicit rule for 'hybrid/upstuff.mk'.
     No implicit rule found for 'hybrid/upstuff.mk'.
     Finished prerequisites of target file 'hybrid/upstuff.mk'.
    No need to remake target 'hybrid/upstuff.mk'.
    Considering target file 'hybrid/clonestuff.mk'.
     Looking for an implicit rule for 'hybrid/clonestuff.mk'.
     No implicit rule found for 'hybrid/clonestuff.mk'.
     Finished prerequisites of target file 'hybrid/clonestuff.mk'.
    No need to remake target 'hybrid/clonestuff.mk'.
    Considering target file 'hybrid/makestuff.mk'.
     Looking for an implicit rule for 'hybrid/makestuff.mk'.
     No implicit rule found for 'hybrid/makestuff.mk'.
     Finished prerequisites of target file 'hybrid/makestuff.mk'.
    No need to remake target 'hybrid/makestuff.mk'.
    Considering target file 'hybrid/work.mk'.
     Looking for an implicit rule for 'hybrid/work.mk'.
     No implicit rule found for 'hybrid/work.mk'.
     Finished prerequisites of target file 'hybrid/work.mk'.
    No need to remake target 'hybrid/work.mk'.
    Considering target file 'hybrid/substuff.mk'.
     Looking for an implicit rule for 'hybrid/substuff.mk'.
     No implicit rule found for 'hybrid/substuff.mk'.
     Finished prerequisites of target file 'hybrid/substuff.mk'.
    No need to remake target 'hybrid/substuff.mk'.
    Considering target file 'hybrid/overleaf.mk'.
     Looking for an implicit rule for 'hybrid/overleaf.mk'.
     No implicit rule found for 'hybrid/overleaf.mk'.
     Finished prerequisites of target file 'hybrid/overleaf.mk'.
    No need to remake target 'hybrid/overleaf.mk'.
    Considering target file 'latexdiff.pl'.
     Looking for an implicit rule for 'latexdiff.pl'.
     No implicit rule found for 'latexdiff.pl'.
     Finished prerequisites of target file 'latexdiff.pl'.
    No need to remake target 'latexdiff.pl'.
    Considering target file 'texdeps.mk'.
     Looking for an implicit rule for 'texdeps.mk'.
     No implicit rule found for 'texdeps.mk'.
     Finished prerequisites of target file 'texdeps.mk'.
    No need to remake target 'texdeps.mk'.
    Considering target file 'texdeps.pl'.
     Looking for an implicit rule for 'texdeps.pl'.
     No implicit rule found for 'texdeps.pl'.
     Finished prerequisites of target file 'texdeps.pl'.
    No need to remake target 'texdeps.pl'.
    Pruning file 'texdeps.md'.
    Considering target file 'simptex.mk'.
     Looking for an implicit rule for 'simptex.mk'.
     No implicit rule found for 'simptex.mk'.
     Finished prerequisites of target file 'simptex.mk'.
    No need to remake target 'simptex.mk'.
    Considering target file 'linkdirs.mk'.
     Looking for an implicit rule for 'linkdirs.mk'.
     No implicit rule found for 'linkdirs.mk'.
     Finished prerequisites of target file 'linkdirs.mk'.
    No need to remake target 'linkdirs.mk'.
    Considering target file 'newtalk.def'.
     Looking for an implicit rule for 'newtalk.def'.
     No implicit rule found for 'newtalk.def'.
     Finished prerequisites of target file 'newtalk.def'.
    No need to remake target 'newtalk.def'.
    Considering target file 'newtalk.mk'.
     Looking for an implicit rule for 'newtalk.mk'.
     No implicit rule found for 'newtalk.mk'.
     Finished prerequisites of target file 'newtalk.mk'.
    No need to remake target 'newtalk.mk'.
    Pruning file 'newtalk.md'.
    Considering target file 'newtalk/ici3d.tmp'.
     Looking for an implicit rule for 'newtalk/ici3d.tmp'.
     No implicit rule found for 'newtalk/ici3d.tmp'.
     Finished prerequisites of target file 'newtalk/ici3d.tmp'.
    No need to remake target 'newtalk/ici3d.tmp'.
    Considering target file 'newtalk/beamer.tmp'.
     Looking for an implicit rule for 'newtalk/beamer.tmp'.
     No implicit rule found for 'newtalk/beamer.tmp'.
     Finished prerequisites of target file 'newtalk/beamer.tmp'.
    No need to remake target 'newtalk/beamer.tmp'.
    Considering target file 'newtalk/commands.sty'.
     Looking for an implicit rule for 'newtalk/commands.sty'.
     No implicit rule found for 'newtalk/commands.sty'.
     Finished prerequisites of target file 'newtalk/commands.sty'.
    No need to remake target 'newtalk/commands.sty'.
    Considering target file 'newtalk/lect.pl'.
     Looking for an implicit rule for 'newtalk/lect.pl'.
     No implicit rule found for 'newtalk/lect.pl'.
     Finished prerequisites of target file 'newtalk/lect.pl'.
    No need to remake target 'newtalk/lect.pl'.
    Considering target file 'newtalk/fmt.pl'.
     Looking for an implicit rule for 'newtalk/fmt.pl'.
     No implicit rule found for 'newtalk/fmt.pl'.
     Finished prerequisites of target file 'newtalk/fmt.pl'.
    No need to remake target 'newtalk/fmt.pl'.
    Considering target file 'newtalk/notes.tmp'.
     Looking for an implicit rule for 'newtalk/notes.tmp'.
     No implicit rule found for 'newtalk/notes.tmp'.
     Finished prerequisites of target file 'newtalk/notes.tmp'.
    No need to remake target 'newtalk/notes.tmp'.
    Considering target file 'newtalk/slidecomm.sty'.
     Looking for an implicit rule for 'newtalk/slidecomm.sty'.
     No implicit rule found for 'newtalk/slidecomm.sty'.
     Finished prerequisites of target file 'newtalk/slidecomm.sty'.
    No need to remake target 'newtalk/slidecomm.sty'.
    Considering target file 'newtalk/bulletspace.tex'.
     Looking for an implicit rule for 'newtalk/bulletspace.tex'.
     Trying pattern rule with stem 'bulletspace'.
     Trying implicit prerequisite 'newtalk/bulletspace.Rnw'.
     Trying pattern rule with stem 'bulletspace'.
     Trying implicit prerequisite 'newtalk/bulletspace.Rnw'.
     Looking for a rule with intermediate file 'newtalk/bulletspace.Rnw'.
      Avoiding implicit rule recursion.
     No implicit rule found for 'newtalk/bulletspace.tex'.
     Finished prerequisites of target file 'newtalk/bulletspace.tex'.
    No need to remake target 'newtalk/bulletspace.tex'.
    Considering target file 'newtalk/outline.tmp'.
     Looking for an implicit rule for 'newtalk/outline.tmp'.
     No implicit rule found for 'newtalk/outline.tmp'.
     Finished prerequisites of target file 'newtalk/outline.tmp'.
    No need to remake target 'newtalk/outline.tmp'.
    Considering target file 'newtalk/colors.tex'.
     Looking for an implicit rule for 'newtalk/colors.tex'.
     Trying pattern rule with stem 'colors'.
     Trying implicit prerequisite 'newtalk/colors.Rnw'.
     Trying pattern rule with stem 'colors'.
     Trying implicit prerequisite 'newtalk/colors.Rnw'.
     Looking for a rule with intermediate file 'newtalk/colors.Rnw'.
      Avoiding implicit rule recursion.
     No implicit rule found for 'newtalk/colors.tex'.
     Finished prerequisites of target file 'newtalk/colors.tex'.
    No need to remake target 'newtalk/colors.tex'.
    Considering target file 'newtalk/txt.format'.
     Looking for an implicit rule for 'newtalk/txt.format'.
     No implicit rule found for 'newtalk/txt.format'.
     Finished prerequisites of target file 'newtalk/txt.format'.
    No need to remake target 'newtalk/txt.format'.
    Considering target file 'newtalk/section.tex'.
     Looking for an implicit rule for 'newtalk/section.tex'.
     Trying pattern rule with stem 'section'.
     Trying implicit prerequisite 'newtalk/section.Rnw'.
     Trying pattern rule with stem 'section'.
     Trying implicit prerequisite 'newtalk/section.Rnw'.
     Looking for a rule with intermediate file 'newtalk/section.Rnw'.
      Avoiding implicit rule recursion.
     No implicit rule found for 'newtalk/section.tex'.
     Finished prerequisites of target file 'newtalk/section.tex'.
    No need to remake target 'newtalk/section.tex'.
    Considering target file 'newtalk/JD_lecture_format.pl'.
     Looking for an implicit rule for 'newtalk/JD_lecture_format.pl'.
     No implicit rule found for 'newtalk/JD_lecture_format.pl'.
     Finished prerequisites of target file 'newtalk/JD_lecture_format.pl'.
    No need to remake target 'newtalk/JD_lecture_format.pl'.
    Considering target file 'newtalk/lengths.tex'.
     Looking for an implicit rule for 'newtalk/lengths.tex'.
     Trying pattern rule with stem 'lengths'.
     Trying implicit prerequisite 'newtalk/lengths.Rnw'.
     Trying pattern rule with stem 'lengths'.
     Trying implicit prerequisite 'newtalk/lengths.Rnw'.
     Looking for a rule with intermediate file 'newtalk/lengths.Rnw'.
      Avoiding implicit rule recursion.
     No implicit rule found for 'newtalk/lengths.tex'.
     Finished prerequisites of target file 'newtalk/lengths.tex'.
    No need to remake target 'newtalk/lengths.tex'.
    Considering target file 'lect.mk'.
     Looking for an implicit rule for 'lect.mk'.
     No implicit rule found for 'lect.mk'.
     Finished prerequisites of target file 'lect.mk'.
    No need to remake target 'lect.mk'.
    Considering target file 'lect/test.format'.
     Looking for an implicit rule for 'lect/test.format'.
     No implicit rule found for 'lect/test.format'.
     Finished prerequisites of target file 'lect/test.format'.
    No need to remake target 'lect/test.format'.
    Considering target file 'lect/fmt.pl'.
     Looking for an implicit rule for 'lect/fmt.pl'.
     No implicit rule found for 'lect/fmt.pl'.
     Finished prerequisites of target file 'lect/fmt.pl'.
    No need to remake target 'lect/fmt.pl'.
    Considering target file 'lect/course.fmt'.
     Looking for an implicit rule for 'lect/course.fmt'.
     No implicit rule found for 'lect/course.fmt'.
     Finished prerequisites of target file 'lect/course.fmt'.
    No need to remake target 'lect/course.fmt'.
    Considering target file 'lect/course.tmp'.
     Looking for an implicit rule for 'lect/course.tmp'.
     No implicit rule found for 'lect/course.tmp'.
     Finished prerequisites of target file 'lect/course.tmp'.
    No need to remake target 'lect/course.tmp'.
    Considering target file 'lect/README.md'.
     Looking for an implicit rule for 'lect/README.md'.
     Trying pattern rule with stem 'README'.
     Trying implicit prerequisite 'lect/README.rmd'.
     Trying pattern rule with stem 'README'.
     Trying implicit prerequisite 'lect/README.tex'.
     Trying pattern rule with stem 'README'.
     Trying implicit prerequisite 'lect/README.rmd'.
     Looking for a rule with intermediate file 'lect/README.rmd'.
      Avoiding implicit rule recursion.
     Trying pattern rule with stem 'README'.
     Trying implicit prerequisite 'lect/README.tex'.
     Looking for a rule with intermediate file 'lect/README.tex'.
      Avoiding implicit rule recursion.
      Trying pattern rule with stem 'README'.
      Trying implicit prerequisite 'lect/README.Rnw'.
      Trying pattern rule with stem 'README'.
      Trying implicit prerequisite 'lect/README.Rnw'.
      Looking for a rule with intermediate file 'lect/README.Rnw'.
       Avoiding implicit rule recursion.
       Avoiding implicit rule recursion.
     No implicit rule found for 'lect/README.md'.
     Finished prerequisites of target file 'lect/README.md'.
    No need to remake target 'lect/README.md'.
    Considering target file 'lect/knit.fmt'.
     Looking for an implicit rule for 'lect/knit.fmt'.
     No implicit rule found for 'lect/knit.fmt'.
     Finished prerequisites of target file 'lect/knit.fmt'.
    No need to remake target 'lect/knit.fmt'.
    Considering target file 'lect/select.format'.
     Looking for an implicit rule for 'lect/select.format'.
     No implicit rule found for 'lect/select.format'.
     Finished prerequisites of target file 'lect/select.format'.
    No need to remake target 'lect/select.format'.
    Considering target file 'lect/pop.tex'.
     Looking for an implicit rule for 'lect/pop.tex'.
     Trying pattern rule with stem 'pop'.
     Trying implicit prerequisite 'lect/pop.Rnw'.
     Trying pattern rule with stem 'pop'.
     Trying implicit prerequisite 'lect/pop.Rnw'.
     Looking for a rule with intermediate file 'lect/pop.Rnw'.
      Avoiding implicit rule recursion.
     No implicit rule found for 'lect/pop.tex'.
     Finished prerequisites of target file 'lect/pop.tex'.
    No need to remake target 'lect/pop.tex'.
    Considering target file 'lect/outline.fmt'.
     Looking for an implicit rule for 'lect/outline.fmt'.
     No implicit rule found for 'lect/outline.fmt'.
     Finished prerequisites of target file 'lect/outline.fmt'.
    No need to remake target 'lect/outline.fmt'.
    Considering target file 'lect/lect.format'.
     Looking for an implicit rule for 'lect/lect.format'.
     No implicit rule found for 'lect/lect.format'.
     Finished prerequisites of target file 'lect/lect.format'.
    No need to remake target 'lect/lect.format'.
    Considering target file 'lect/dfpar.tex'.
     Looking for an implicit rule for 'lect/dfpar.tex'.
     Trying pattern rule with stem 'dfpar'.
     Trying implicit prerequisite 'lect/dfpar.Rnw'.
     Trying pattern rule with stem 'dfpar'.
     Trying implicit prerequisite 'lect/dfpar.Rnw'.
     Looking for a rule with intermediate file 'lect/dfpar.Rnw'.
      Avoiding implicit rule recursion.
     No implicit rule found for 'lect/dfpar.tex'.
     Finished prerequisites of target file 'lect/dfpar.tex'.
    No need to remake target 'lect/dfpar.tex'.
    Considering target file 'lect/ques.format'.
     Looking for an implicit rule for 'lect/ques.format'.
     No implicit rule found for 'lect/ques.format'.
     Finished prerequisites of target file 'lect/ques.format'.
    No need to remake target 'lect/ques.format'.
    Considering target file 'pandoc.mk'.
    File 'pandoc.mk' was considered already.
    Pruning file 'compare.mk'.
    Considering target file 'render.mk'.
     Looking for an implicit rule for 'render.mk'.
     No implicit rule found for 'render.mk'.
     Finished prerequisites of target file 'render.mk'.
    No need to remake target 'render.mk'.
    Considering target file 'webpix.mk'.
     Looking for an implicit rule for 'webpix.mk'.
     No implicit rule found for 'webpix.mk'.
     Finished prerequisites of target file 'webpix.mk'.
    No need to remake target 'webpix.mk'.
    Considering target file 'webtrans.mk'.
     Looking for an implicit rule for 'webtrans.mk'.
     No implicit rule found for 'webtrans.mk'.
     Finished prerequisites of target file 'webtrans.mk'.
    No need to remake target 'webtrans.mk'.
    Considering target file 'webhtml.pl'.
     Looking for an implicit rule for 'webhtml.pl'.
     No implicit rule found for 'webhtml.pl'.
     Finished prerequisites of target file 'webhtml.pl'.
    No need to remake target 'webhtml.pl'.
    Considering target file 'webmk.pl'.
     Looking for an implicit rule for 'webmk.pl'.
     No implicit rule found for 'webmk.pl'.
     Finished prerequisites of target file 'webmk.pl'.
    No need to remake target 'webmk.pl'.
    Considering target file 'cache.mk'.
     Looking for an implicit rule for 'cache.mk'.
     No implicit rule found for 'cache.mk'.
     Finished prerequisites of target file 'cache.mk'.
    No need to remake target 'cache.mk'.
    Pruning file 'cache.md'.
    Considering target file 'wrapR.mk'.
     Looking for an implicit rule for 'wrapR.mk'.
     No implicit rule found for 'wrapR.mk'.
     Finished prerequisites of target file 'wrapR.mk'.
    No need to remake target 'wrapR.mk'.
    Considering target file 'wrapR/objects.R'.
     Looking for an implicit rule for 'wrapR/objects.R'.
     No implicit rule found for 'wrapR/objects.R'.
     Finished prerequisites of target file 'wrapR/objects.R'.
    No need to remake target 'wrapR/objects.R'.
    Considering target file 'wrapR/summary.R'.
     Looking for an implicit rule for 'wrapR/summary.R'.
     No implicit rule found for 'wrapR/summary.R'.
     Finished prerequisites of target file 'wrapR/summary.R'.
    No need to remake target 'wrapR/summary.R'.
    Considering target file 'wrapR/pdfcheck.pl'.
     Looking for an implicit rule for 'wrapR/pdfcheck.pl'.
     No implicit rule found for 'wrapR/pdfcheck.pl'.
     Finished prerequisites of target file 'wrapR/pdfcheck.pl'.
    No need to remake target 'wrapR/pdfcheck.pl'.
    Considering target file 'wrapR/Rcalc.pl'.
     Looking for an implicit rule for 'wrapR/Rcalc.pl'.
     No implicit rule found for 'wrapR/Rcalc.pl'.
     Finished prerequisites of target file 'wrapR/Rcalc.pl'.
    No need to remake target 'wrapR/Rcalc.pl'.
    Considering target file 'wrapR/wrapper.pl'.
     Looking for an implicit rule for 'wrapR/wrapper.pl'.
     No implicit rule found for 'wrapR/wrapper.pl'.
     Finished prerequisites of target file 'wrapR/wrapper.pl'.
    No need to remake target 'wrapR/wrapper.pl'.
    Considering target file 'wrapR/Rtrim.pl'.
     Looking for an implicit rule for 'wrapR/Rtrim.pl'.
     No implicit rule found for 'wrapR/Rtrim.pl'.
     Finished prerequisites of target file 'wrapR/Rtrim.pl'.
    No need to remake target 'wrapR/Rtrim.pl'.
    Considering target file 'wrapR/pdf.mk'.
     Looking for an implicit rule for 'wrapR/pdf.mk'.
     No implicit rule found for 'wrapR/pdf.mk'.
     Finished prerequisites of target file 'wrapR/pdf.mk'.
    No need to remake target 'wrapR/pdf.mk'.
    Considering target file 'forms.def'.
     Looking for an implicit rule for 'forms.def'.
     No implicit rule found for 'forms.def'.
     Finished prerequisites of target file 'forms.def'.
    No need to remake target 'forms.def'.
    Considering target file 'forms.mk'.
     Looking for an implicit rule for 'forms.mk'.
     No implicit rule found for 'forms.mk'.
     Finished prerequisites of target file 'forms.mk'.
    No need to remake target 'forms.mk'.
    Considering target file 'wrapR/up.mk'.
     Looking for an implicit rule for 'wrapR/up.mk'.
     No implicit rule found for 'wrapR/up.mk'.
     Finished prerequisites of target file 'wrapR/up.mk'.
    No need to remake target 'wrapR/up.mk'.
    Considering target file 'masterR.mk'.
     Looking for an implicit rule for 'masterR.mk'.
     No implicit rule found for 'masterR.mk'.
     Finished prerequisites of target file 'masterR.mk'.
    No need to remake target 'masterR.mk'.
    Considering target file 'masterR.pl'.
     Looking for an implicit rule for 'masterR.pl'.
     No implicit rule found for 'masterR.pl'.
     Finished prerequisites of target file 'masterR.pl'.
    No need to remake target 'masterR.pl'.
    Considering target file 'masterRfiles.pl'.
     Looking for an implicit rule for 'masterRfiles.pl'.
     No implicit rule found for 'masterRfiles.pl'.
     Finished prerequisites of target file 'masterRfiles.pl'.
    No need to remake target 'masterRfiles.pl'.
    Pruning file 'masterR.md'.
    Considering target file 'autorefs.mk'.
     Looking for an implicit rule for 'autorefs.mk'.
     No implicit rule found for 'autorefs.mk'.
     Finished prerequisites of target file 'autorefs.mk'.
    No need to remake target 'autorefs.mk'.
    Considering target file 'autorefs/ir.pl'.
     Looking for an implicit rule for 'autorefs/ir.pl'.
     No implicit rule found for 'autorefs/ir.pl'.
     Finished prerequisites of target file 'autorefs/ir.pl'.
    No need to remake target 'autorefs/ir.pl'.
    Considering target file 'autorefs/point.pl'.
     Looking for an implicit rule for 'autorefs/point.pl'.
     No implicit rule found for 'autorefs/point.pl'.
     Finished prerequisites of target file 'autorefs/point.pl'.
    No need to remake target 'autorefs/point.pl'.
    Considering target file 'autorefs/pm.pl'.
     Looking for an implicit rule for 'autorefs/pm.pl'.
     No implicit rule found for 'autorefs/pm.pl'.
     Finished prerequisites of target file 'autorefs/pm.pl'.
    No need to remake target 'autorefs/pm.pl'.
    Considering target file 'autorefs/mbib.pl'.
     Looking for an implicit rule for 'autorefs/mbib.pl'.
     No implicit rule found for 'autorefs/mbib.pl'.
     Finished prerequisites of target file 'autorefs/mbib.pl'.
    No need to remake target 'autorefs/mbib.pl'.
    Considering target file 'autorefs/mdmk.pl'.
     Looking for an implicit rule for 'autorefs/mdmk.pl'.
     No implicit rule found for 'autorefs/mdmk.pl'.
     Finished prerequisites of target file 'autorefs/mdmk.pl'.
    No need to remake target 'autorefs/mdmk.pl'.
    Considering target file 'autorefs/mdrec.pl'.
     Looking for an implicit rule for 'autorefs/mdrec.pl'.
     No implicit rule found for 'autorefs/mdrec.pl'.
     Finished prerequisites of target file 'autorefs/mdrec.pl'.
    No need to remake target 'autorefs/mdrec.pl'.
    Considering target file 'autorefs/md.pl'.
     Looking for an implicit rule for 'autorefs/md.pl'.
     No implicit rule found for 'autorefs/md.pl'.
     Finished prerequisites of target file 'autorefs/md.pl'.
    No need to remake target 'autorefs/md.pl'.
    Considering target file 'autorefs/mref.pl'.
     Looking for an implicit rule for 'autorefs/mref.pl'.
     No implicit rule found for 'autorefs/mref.pl'.
     Finished prerequisites of target file 'autorefs/mref.pl'.
    No need to remake target 'autorefs/mref.pl'.
    Considering target file 'autorefs/bibmk.pl'.
     Looking for an implicit rule for 'autorefs/bibmk.pl'.
     No implicit rule found for 'autorefs/bibmk.pl'.
     Finished prerequisites of target file 'autorefs/bibmk.pl'.
    No need to remake target 'autorefs/bibmk.pl'.
    Considering target file 'autorefs/int.pl'.
     Looking for an implicit rule for 'autorefs/int.pl'.
     No implicit rule found for 'autorefs/int.pl'.
     Finished prerequisites of target file 'autorefs/int.pl'.
    No need to remake target 'autorefs/int.pl'.
    Considering target file 'autorefs/refmk.pl'.
     Looking for an implicit rule for 'autorefs/refmk.pl'.
     No implicit rule found for 'autorefs/refmk.pl'.
     Finished prerequisites of target file 'autorefs/refmk.pl'.
    No need to remake target 'autorefs/refmk.pl'.
    Considering target file 'autorefs/mkmk.pl'.
     Looking for an implicit rule for 'autorefs/mkmk.pl'.
     No implicit rule found for 'autorefs/mkmk.pl'.
     Finished prerequisites of target file 'autorefs/mkmk.pl'.
    No need to remake target 'autorefs/mkmk.pl'.
    Considering target file 'autorefs/mm.pl'.
     Looking for an implicit rule for 'autorefs/mm.pl'.
     No implicit rule found for 'autorefs/mm.pl'.
     Finished prerequisites of target file 'autorefs/mm.pl'.
    No need to remake target 'autorefs/mm.pl'.
    Considering target file 'autorefs/nodoi.pl'.
     Looking for an implicit rule for 'autorefs/nodoi.pl'.
     No implicit rule found for 'autorefs/nodoi.pl'.
     Finished prerequisites of target file 'autorefs/nodoi.pl'.
    No need to remake target 'autorefs/nodoi.pl'.
    Considering target file 'autorefs/Makefile'.
     Looking for an implicit rule for 'autorefs/Makefile'.
     No implicit rule found for 'autorefs/Makefile'.
     Finished prerequisites of target file 'autorefs/Makefile'.
    No need to remake target 'autorefs/Makefile'.
    Pruning file 'autorefs.md'.
    Considering target file 'missing.pdf'.
     Finished prerequisites of target file 'missing.pdf'.
    No need to remake target 'missing.pdf'.
    Considering target file 'personal.pdf'.
     Finished prerequisites of target file 'personal.pdf'.
    No need to remake target 'personal.pdf'.
    Considering target file 'repos/dushoff_repos.mk'.
     Looking for an implicit rule for 'repos/dushoff_repos.mk'.
     No implicit rule found for 'repos/dushoff_repos.mk'.
     Finished prerequisites of target file 'repos/dushoff_repos.mk'.
    No need to remake target 'repos/dushoff_repos.mk'.
    Considering target file 'repos/friends.mk'.
     Looking for an implicit rule for 'repos/friends.mk'.
     No implicit rule found for 'repos/friends.mk'.
     Finished prerequisites of target file 'repos/friends.mk'.
    No need to remake target 'repos/friends.mk'.
    Considering target file 'repos/sites.mk'.
     Looking for an implicit rule for 'repos/sites.mk'.
     No implicit rule found for 'repos/sites.mk'.
     Finished prerequisites of target file 'repos/sites.mk'.
    No need to remake target 'repos/sites.mk'.
    Considering target file 'repos/dushoff_repos.def'.
     Looking for an implicit rule for 'repos/dushoff_repos.def'.
     No implicit rule found for 'repos/dushoff_repos.def'.
     Finished prerequisites of target file 'repos/dushoff_repos.def'.
    No need to remake target 'repos/dushoff_repos.def'.
    Considering target file 'repos/friends.def'.
     Looking for an implicit rule for 'repos/friends.def'.
     No implicit rule found for 'repos/friends.def'.
     Finished prerequisites of target file 'repos/friends.def'.
    No need to remake target 'repos/friends.def'.
   Finished prerequisites of target file 'commit.time'.
   Prerequisite 'start.md' is older than target 'commit.time'.
   Prerequisite 'README.md' is older than target 'commit.time'.
   Prerequisite 'newtalk.md' is older than target 'commit.time'.
   Prerequisite 'git.md' is older than target 'commit.time'.
   Prerequisite 'flextex.md' is older than target 'commit.time'.
   Prerequisite 'todo.md' is older than target 'commit.time'.
   Prerequisite 'masterR.md' is older than target 'commit.time'.
   Prerequisite 'texdeps.md' is older than target 'commit.time'.
   Prerequisite 'autorefs.md' is older than target 'commit.time'.
   Prerequisite 'stepR.md' is older than target 'commit.time'.
   Prerequisite 'cache.md' is older than target 'commit.time'.
   Prerequisite 'Makefile' is older than target 'commit.time'.
   Prerequisite 'LICENSE' is older than target 'commit.time'.
   Prerequisite 'README.md' is older than target 'commit.time'.
   Prerequisite 'static.mk' is older than target 'commit.time'.
   Prerequisite 'sub.mk' is older than target 'commit.time'.
   Prerequisite 'todo.md' is older than target 'commit.time'.
   Prerequisite 'ignore.pl' is older than target 'commit.time'.
   Prerequisite 'ignore.auth' is older than target 'commit.time'.
   Prerequisite 'ignore.vim' is older than target 'commit.time'.
   Prerequisite 'os.mk' is older than target 'commit.time'.
   Prerequisite 'unix.mk' is older than target 'commit.time'.
   Prerequisite 'linux.mk' is older than target 'commit.time'.
   Prerequisite 'windows.mk' is older than target 'commit.time'.
   Prerequisite 'up.mk' is older than target 'commit.time'.
   Prerequisite 'accounts.mk' is older than target 'commit.time'.
   Prerequisite 'accounts.pl' is older than target 'commit.time'.
   Prerequisite 'git.mk' is older than target 'commit.time'.
   Prerequisite 'git.def' is older than target 'commit.time'.
   Prerequisite 'git.md' is older than target 'commit.time'.
   Prerequisite 'repos.def' is older than target 'commit.time'.
   Prerequisite 'repos.mk' is older than target 'commit.time'.
   Prerequisite 'init.mk' is older than target 'commit.time'.
   Prerequisite 'modules.mk' is older than target 'commit.time'.
   Prerequisite 'drops.mk' is older than target 'commit.time'.
   Prerequisite 'target.mk' is older than target 'commit.time'.
   Prerequisite 'hybrid.mk' is older than target 'commit.time'.
   Prerequisite 'hotcold.mk' is older than target 'commit.time'.
   Prerequisite 'visual.mk' is older than target 'commit.time'.
   Prerequisite 'compare.mk' is older than target 'commit.time'.
   Prerequisite 'stepR.mk' is older than target 'commit.time'.
   Prerequisite 'stepR.md' is older than target 'commit.time'.
   Prerequisite 'rstep.pl' is older than target 'commit.time'.
   Prerequisite 'resources.mk' is older than target 'commit.time'.
   Prerequisite 'perl.def' is older than target 'commit.time'.
   Prerequisite 'python.def' is older than target 'commit.time'.
   Prerequisite 'newlatex.mk' is older than target 'commit.time'.
   Prerequisite 'latexdeps.pl' is older than target 'commit.time'.
   Prerequisite 'images.mk' is older than target 'commit.time'.
   Prerequisite 'newlatex.mk' is older than target 'commit.time'.
   Prerequisite 'latexdeps.pl' is older than target 'commit.time'.
   Prerequisite 'biber.def' is older than target 'commit.time'.
   Prerequisite 'bibtex.def' is older than target 'commit.time'.
   Prerequisite 'flextex.mk' is older than target 'commit.time'.
   Prerequisite 'flextex.pl' is older than target 'commit.time'.
   Prerequisite 'deps.mk' is older than target 'commit.time'.
   Prerequisite 'flextex.md' is older than target 'commit.time'.
   Prerequisite 'hybrid/nogit.mk' is older than target 'commit.time'.
   Prerequisite 'hybrid/drop.mk' is older than target 'commit.time'.
   Prerequisite 'hybrid/subdir.mk' is older than target 'commit.time'.
   Prerequisite 'hybrid/upstuff.mk' is older than target 'commit.time'.
   Prerequisite 'hybrid/clonestuff.mk' is older than target 'commit.time'.
   Prerequisite 'hybrid/makestuff.mk' is older than target 'commit.time'.
   Prerequisite 'hybrid/work.mk' is older than target 'commit.time'.
   Prerequisite 'hybrid/substuff.mk' is older than target 'commit.time'.
   Prerequisite 'hybrid/overleaf.mk' is older than target 'commit.time'.
   Prerequisite 'latexdiff.pl' is older than target 'commit.time'.
   Prerequisite 'texdeps.mk' is older than target 'commit.time'.
   Prerequisite 'texdeps.pl' is older than target 'commit.time'.
   Prerequisite 'texdeps.md' is older than target 'commit.time'.
   Prerequisite 'simptex.mk' is older than target 'commit.time'.
   Prerequisite 'linkdirs.mk' is older than target 'commit.time'.
   Prerequisite 'newtalk.def' is older than target 'commit.time'.
   Prerequisite 'newtalk.mk' is older than target 'commit.time'.
   Prerequisite 'newtalk.md' is older than target 'commit.time'.
   Prerequisite 'newtalk/ici3d.tmp' is older than target 'commit.time'.
   Prerequisite 'newtalk/beamer.tmp' is older than target 'commit.time'.
   Prerequisite 'newtalk/commands.sty' is older than target 'commit.time'.
   Prerequisite 'newtalk/lect.pl' is older than target 'commit.time'.
   Prerequisite 'newtalk/fmt.pl' is older than target 'commit.time'.
   Prerequisite 'newtalk/notes.tmp' is older than target 'commit.time'.
   Prerequisite 'newtalk/slidecomm.sty' is older than target 'commit.time'.
   Prerequisite 'newtalk/bulletspace.tex' is older than target 'commit.time'.
   Prerequisite 'newtalk/outline.tmp' is older than target 'commit.time'.
   Prerequisite 'newtalk/colors.tex' is older than target 'commit.time'.
   Prerequisite 'newtalk/txt.format' is older than target 'commit.time'.
   Prerequisite 'newtalk/section.tex' is older than target 'commit.time'.
   Prerequisite 'newtalk/JD_lecture_format.pl' is older than target 'commit.time'.
   Prerequisite 'newtalk/lengths.tex' is older than target 'commit.time'.
   Prerequisite 'lect.mk' is older than target 'commit.time'.
   Prerequisite 'lect/test.format' is older than target 'commit.time'.
   Prerequisite 'lect/fmt.pl' is older than target 'commit.time'.
   Prerequisite 'lect/course.fmt' is older than target 'commit.time'.
   Prerequisite 'lect/course.tmp' is older than target 'commit.time'.
   Prerequisite 'lect/README.md' is older than target 'commit.time'.
   Prerequisite 'lect/knit.fmt' is older than target 'commit.time'.
   Prerequisite 'lect/select.format' is older than target 'commit.time'.
   Prerequisite 'lect/pop.tex' is older than target 'commit.time'.
   Prerequisite 'lect/outline.fmt' is older than target 'commit.time'.
   Prerequisite 'lect/lect.format' is older than target 'commit.time'.
   Prerequisite 'lect/dfpar.tex' is older than target 'commit.time'.
   Prerequisite 'lect/ques.format' is older than target 'commit.time'.
   Prerequisite 'pandoc.mk' is older than target 'commit.time'.
   Prerequisite 'compare.mk' is older than target 'commit.time'.
   Prerequisite 'render.mk' is older than target 'commit.time'.
   Prerequisite 'webpix.mk' is older than target 'commit.time'.
   Prerequisite 'webtrans.mk' is older than target 'commit.time'.
   Prerequisite 'webhtml.pl' is older than target 'commit.time'.
   Prerequisite 'webmk.pl' is older than target 'commit.time'.
   Prerequisite 'cache.mk' is older than target 'commit.time'.
   Prerequisite 'cache.md' is older than target 'commit.time'.
   Prerequisite 'wrapR.mk' is older than target 'commit.time'.
   Prerequisite 'wrapR/objects.R' is older than target 'commit.time'.
   Prerequisite 'wrapR/summary.R' is older than target 'commit.time'.
   Prerequisite 'wrapR/pdfcheck.pl' is older than target 'commit.time'.
   Prerequisite 'wrapR/Rcalc.pl' is older than target 'commit.time'.
   Prerequisite 'wrapR/wrapper.pl' is older than target 'commit.time'.
   Prerequisite 'wrapR/Rtrim.pl' is older than target 'commit.time'.
   Prerequisite 'wrapR/pdf.mk' is older than target 'commit.time'.
   Prerequisite 'forms.def' is older than target 'commit.time'.
   Prerequisite 'forms.mk' is older than target 'commit.time'.
   Prerequisite 'wrapR/up.mk' is older than target 'commit.time'.
   Prerequisite 'masterR.mk' is older than target 'commit.time'.
   Prerequisite 'masterR.pl' is older than target 'commit.time'.
   Prerequisite 'masterRfiles.pl' is older than target 'commit.time'.
   Prerequisite 'masterR.md' is older than target 'commit.time'.
   Prerequisite 'autorefs.mk' is older than target 'commit.time'.
   Prerequisite 'autorefs/ir.pl' is older than target 'commit.time'.
   Prerequisite 'autorefs/point.pl' is older than target 'commit.time'.
   Prerequisite 'autorefs/pm.pl' is older than target 'commit.time'.
   Prerequisite 'autorefs/mbib.pl' is older than target 'commit.time'.
   Prerequisite 'autorefs/mdmk.pl' is older than target 'commit.time'.
   Prerequisite 'autorefs/mdrec.pl' is older than target 'commit.time'.
   Prerequisite 'autorefs/md.pl' is older than target 'commit.time'.
   Prerequisite 'autorefs/mref.pl' is older than target 'commit.time'.
   Prerequisite 'autorefs/bibmk.pl' is older than target 'commit.time'.
   Prerequisite 'autorefs/int.pl' is older than target 'commit.time'.
   Prerequisite 'autorefs/refmk.pl' is older than target 'commit.time'.
   Prerequisite 'autorefs/mkmk.pl' is older than target 'commit.time'.
   Prerequisite 'autorefs/mm.pl' is older than target 'commit.time'.
   Prerequisite 'autorefs/nodoi.pl' is older than target 'commit.time'.
   Prerequisite 'autorefs/Makefile' is older than target 'commit.time'.
   Prerequisite 'autorefs.md' is older than target 'commit.time'.
   Prerequisite 'missing.pdf' is older than target 'commit.time'.
   Prerequisite 'personal.pdf' is older than target 'commit.time'.
   Prerequisite 'repos/dushoff_repos.mk' is older than target 'commit.time'.
   Prerequisite 'repos/friends.mk' is older than target 'commit.time'.
   Prerequisite 'repos/sites.mk' is older than target 'commit.time'.
   Prerequisite 'repos/dushoff_repos.def' is older than target 'commit.time'.
   Prerequisite 'repos/friends.def' is older than target 'commit.time'.
  No need to remake target 'commit.time'.
 Finished prerequisites of target file 'up.time'.
 Prerequisite 'commit.time' is older than target 'up.time'.
No need to remake target 'up.time'.
make[5]: 'up.time' is up to date.
make[5]: Leaving directory '/home/dushoff/gitroot/linux_config/makestuff'
Reaping winning child 0x55a03a8880e0 PID 6609 
Removing child 0x55a03a8880e0 PID 6609 from chain.
  Successfully remade target file 'makestuff.all'.
  Considering target file 'exclude'.
   File 'exclude' does not exist.
    Considering target file '.git/info/exclude'.
      Pruning file 'Makefile'.
      Considering target file 'README.md'.
       Finished prerequisites of target file 'README.md'.
      No need to remake target 'README.md'.
      Considering target file 'extras.log'.
       Looking for an implicit rule for 'extras.log'.
       Trying pattern rule with stem 'extras'.
       Found an implicit rule for 'extras.log'.
       Finished prerequisites of target file 'extras.log'.
      No need to remake target 'extras.log'.
      Considering target file 'make.log'.
       Looking for an implicit rule for 'make.log'.
       Trying pattern rule with stem 'make'.
       Found an implicit rule for 'make.log'.
       Finished prerequisites of target file 'make.log'.
      No need to remake target 'make.log'.
     Finished prerequisites of target file '.git/info/exclude'.
     Prerequisite 'Makefile' is older than target '.git/info/exclude'.
     Prerequisite 'README.md' is older than target '.git/info/exclude'.
     Prerequisite 'extras.log' is older than target '.git/info/exclude'.
     Prerequisite 'make.log' is newer than target '.git/info/exclude'.
    Must remake target '.git/info/exclude'.
perl -wf makestuff/ignore.pl > .git/info/exclude
Putting child 0x55a03a887b80 (.git/info/exclude) PID 6614 on the chain.
Live child 0x55a03a887b80 (.git/info/exclude) PID 6614 
Reaping winning child 0x55a03a887b80 PID 6614 
Removing child 0x55a03a887b80 PID 6614 from chain.
    Successfully remade target file '.git/info/exclude'.
   Finished prerequisites of target file 'exclude'.
  Must remake target 'exclude'.
  Successfully remade target file 'exclude'.
  Considering target file 'up.time'.
    Considering target file 'commit.time'.
      Pruning file 'Makefile'.
      Pruning file 'README.md'.
      Pruning file 'extras.log'.
      Pruning file 'make.log'.
     Finished prerequisites of target file 'commit.time'.
     Prerequisite 'Makefile' is newer than target 'commit.time'.
     Prerequisite 'README.md' is older than target 'commit.time'.
     Prerequisite 'extras.log' is older than target 'commit.time'.
     Prerequisite 'make.log' is newer than target 'commit.time'.
    Must remake target 'commit.time'.
make exclude
Putting child 0x55a03a884760 (commit.time) PID 6616 on the chain.
Live child 0x55a03a884760 (commit.time) PID 6616 
GNU Make 4.1
Built for x86_64-pc-linux-gnu
Copyright (C) 1988-2014 Free Software Foundation, Inc.
License GPLv3+: GNU GPL version 3 or later <http://gnu.org/licenses/gpl.html>
This is free software: you are free to change and redistribute it.
There is NO WARRANTY, to the extent permitted by law.
Reading makefiles...
Reading makefile 'Makefile'...
Reading makefile 'target.mk' (search path) (don't care) (no ~ expansion)...
Reading makefile 'makestuff/os.mk' (search path) (don't care) (no ~ expansion)...
make[5]: Entering directory '/home/dushoff/gitroot/linux_config'
Reading makefile 'makestuff/linux.mk' (search path) (no ~ expansion)...
Reading makefile 'makestuff/unix.mk' (search path) (don't care) (no ~ expansion)...
Reading makefile 'makestuff/git.mk' (search path) (don't care) (no ~ expansion)...
Reading makefile 'makestuff/visual.mk' (search path) (don't care) (no ~ expansion)...
Updating makefiles....
 Considering target file 'makestuff/visual.mk'.
  Looking for an implicit rule for 'makestuff/visual.mk'.
  No implicit rule found for 'makestuff/visual.mk'.
  Finished prerequisites of target file 'makestuff/visual.mk'.
 No need to remake target 'makestuff/visual.mk'.
 Considering target file 'makestuff/git.mk'.
  Looking for an implicit rule for 'makestuff/git.mk'.
  No implicit rule found for 'makestuff/git.mk'.
  Finished prerequisites of target file 'makestuff/git.mk'.
 No need to remake target 'makestuff/git.mk'.
 Considering target file 'makestuff/unix.mk'.
  Looking for an implicit rule for 'makestuff/unix.mk'.
  No implicit rule found for 'makestuff/unix.mk'.
  Finished prerequisites of target file 'makestuff/unix.mk'.
 No need to remake target 'makestuff/unix.mk'.
 Considering target file 'makestuff/linux.mk'.
  Looking for an implicit rule for 'makestuff/linux.mk'.
  No implicit rule found for 'makestuff/linux.mk'.
  Finished prerequisites of target file 'makestuff/linux.mk'.
 No need to remake target 'makestuff/linux.mk'.
 Considering target file 'makestuff/os.mk'.
  Looking for an implicit rule for 'makestuff/os.mk'.
  No implicit rule found for 'makestuff/os.mk'.
  Finished prerequisites of target file 'makestuff/os.mk'.
 No need to remake target 'makestuff/os.mk'.
 Considering target file 'target.mk'.
  Finished prerequisites of target file 'target.mk'.
 No need to remake target 'target.mk'.
 Considering target file 'Makefile'.
  Looking for an implicit rule for 'Makefile'.
  No implicit rule found for 'Makefile'.
   Considering target file 'makestuff/Makefile'.
    Finished prerequisites of target file 'makestuff/Makefile'.
   No need to remake target 'makestuff/Makefile'.
  Finished prerequisites of target file 'Makefile'.
  Prerequisite 'makestuff/Makefile' is older than target 'Makefile'.
 No recipe for 'Makefile' and no prerequisites actually changed.
 No need to remake target 'Makefile'.
Updating goal targets....
Considering target file 'exclude'.
 File 'exclude' does not exist.
  Considering target file '.git/info/exclude'.
    Pruning file 'Makefile'.
    Considering target file 'README.md'.
     Finished prerequisites of target file 'README.md'.
    No need to remake target 'README.md'.
    Considering target file 'extras.log'.
     Looking for an implicit rule for 'extras.log'.
     Trying pattern rule with stem 'extras'.
     Found an implicit rule for 'extras.log'.
     Finished prerequisites of target file 'extras.log'.
    No need to remake target 'extras.log'.
    Considering target file 'make.log'.
     Looking for an implicit rule for 'make.log'.
     Trying pattern rule with stem 'make'.
     Found an implicit rule for 'make.log'.
     Finished prerequisites of target file 'make.log'.
    No need to remake target 'make.log'.
   Finished prerequisites of target file '.git/info/exclude'.
   Prerequisite 'Makefile' is older than target '.git/info/exclude'.
   Prerequisite 'README.md' is older than target '.git/info/exclude'.
   Prerequisite 'extras.log' is older than target '.git/info/exclude'.
   Prerequisite 'make.log' is newer than target '.git/info/exclude'.
  Must remake target '.git/info/exclude'.
perl -wf makestuff/ignore.pl > .git/info/exclude
Putting child 0x55d3668f6c80 (.git/info/exclude) PID 6620 on the chain.
Live child 0x55d3668f6c80 (.git/info/exclude) PID 6620 
Reaping winning child 0x55d3668f6c80 PID 6620 
Removing child 0x55d3668f6c80 PID 6620 from chain.
  Successfully remade target file '.git/info/exclude'.
 Finished prerequisites of target file 'exclude'.
Must remake target 'exclude'.
Successfully remade target file 'exclude'.
make[5]: Leaving directory '/home/dushoff/gitroot/linux_config'
Reaping winning child 0x55a03a884760 PID 6616 
git add -f Makefile README.md extras.log make.log
Live child 0x55a03a884760 (commit.time) PID 6622 
